Component: ARM Compiler 5.06 update 3 (build 300) Tool: armlink [4d35c9]

==============================================================================

Section Cross References

    startup_stm32l432xx.o(RESET) refers to startup_stm32l432xx.o(STACK) for __initial_sp
    startup_stm32l432xx.o(RESET) refers to startup_stm32l432xx.o(.text) for Reset_Handler
    startup_stm32l432xx.o(RESET) refers to stm32l4xx_it.o(i.NMI_Handler) for NMI_Handler
    startup_stm32l432xx.o(RESET) refers to stm32l4xx_it.o(i.HardFault_Handler) for HardFault_Handler
    startup_stm32l432xx.o(RESET) refers to stm32l4xx_it.o(i.MemManage_Handler) for MemManage_Handler
    startup_stm32l432xx.o(RESET) refers to stm32l4xx_it.o(i.BusFault_Handler) for BusFault_Handler
    startup_stm32l432xx.o(RESET) refers to stm32l4xx_it.o(i.UsageFault_Handler) for UsageFault_Handler
    startup_stm32l432xx.o(RESET) refers to port.o(.emb_text) for SVC_Handler
    startup_stm32l432xx.o(RESET) refers to stm32l4xx_it.o(i.DebugMon_Handler) for DebugMon_Handler
    startup_stm32l432xx.o(RESET) refers to stm32l4xx_it.o(i.SysTick_Handler) for SysTick_Handler
    startup_stm32l432xx.o(RESET) refers to stm32l4xx_it.o(i.DMA1_Channel2_IRQHandler) for DMA1_Channel2_IRQHandler
    startup_stm32l432xx.o(RESET) refers to stm32l4xx_it.o(i.DMA1_Channel3_IRQHandler) for DMA1_Channel3_IRQHandler
    startup_stm32l432xx.o(RESET) refers to stm32l4xx_it.o(i.TIM2_IRQHandler) for TIM2_IRQHandler
    startup_stm32l432xx.o(RESET) refers to stm32l4xx_it.o(i.SPI1_IRQHandler) for SPI1_IRQHandler
    startup_stm32l432xx.o(RESET) refers to stm32l4xx_it.o(i.USART1_IRQHandler) for USART1_IRQHandler
    startup_stm32l432xx.o(.text) refers to system_stm32l4xx.o(i.SystemInit) for SystemInit
    startup_stm32l432xx.o(.text) refers to entry.o(.ARM.Collect$$$$00000000) for __main
    main.o(i.MX_SPI1_Init) refers to stm32l4xx_hal_spi.o(i.HAL_SPI_Init) for HAL_SPI_Init
    main.o(i.MX_SPI1_Init) refers to main.o(.bss) for .bss
    main.o(i.MX_TIM1_Init) refers to stm32l4xx_hal_tim.o(i.HAL_TIM_Base_Init) for HAL_TIM_Base_Init
    main.o(i.MX_TIM1_Init) refers to stm32l4xx_hal_tim.o(i.HAL_TIM_ConfigClockSource) for HAL_TIM_ConfigClockSource
    main.o(i.MX_TIM1_Init) refers to stm32l4xx_hal_tim.o(i.HAL_TIM_PWM_Init) for HAL_TIM_PWM_Init
    main.o(i.MX_TIM1_Init) refers to stm32l4xx_hal_tim_ex.o(i.HAL_TIMEx_MasterConfigSynchronization) for HAL_TIMEx_MasterConfigSynchronization
    main.o(i.MX_TIM1_Init) refers to stm32l4xx_hal_tim.o(i.HAL_TIM_PWM_ConfigChannel) for HAL_TIM_PWM_ConfigChannel
    main.o(i.MX_TIM1_Init) refers to stm32l4xx_hal_tim_ex.o(i.HAL_TIMEx_ConfigBreakDeadTime) for HAL_TIMEx_ConfigBreakDeadTime
    main.o(i.MX_TIM1_Init) refers to stm32l4xx_hal_msp.o(i.HAL_TIM_MspPostInit) for HAL_TIM_MspPostInit
    main.o(i.MX_TIM1_Init) refers to main.o(.bss) for .bss
    main.o(i.MX_TIM2_Init) refers to stm32l4xx_hal_tim.o(i.HAL_TIM_Base_Init) for HAL_TIM_Base_Init
    main.o(i.MX_TIM2_Init) refers to stm32l4xx_hal_tim.o(i.HAL_TIM_ConfigClockSource) for HAL_TIM_ConfigClockSource
    main.o(i.MX_TIM2_Init) refers to stm32l4xx_hal_tim_ex.o(i.HAL_TIMEx_MasterConfigSynchronization) for HAL_TIMEx_MasterConfigSynchronization
    main.o(i.MX_TIM2_Init) refers to main.o(.bss) for .bss
    main.o(i.MX_USART1_UART_Init) refers to stm32l4xx_hal_uart.o(i.HAL_UART_Init) for HAL_UART_Init
    main.o(i.MX_USART1_UART_Init) refers to main.o(.bss) for .bss
    main.o(i.StartDefaultTask) refers to cmsis_os.o(i.osDelay) for osDelay
    main.o(i.SystemClock_Config) refers to stm32l4xx_hal_rcc.o(i.HAL_RCC_OscConfig) for HAL_RCC_OscConfig
    main.o(i.SystemClock_Config) refers to stm32l4xx_hal_rcc.o(i.HAL_RCC_ClockConfig) for HAL_RCC_ClockConfig
    main.o(i.SystemClock_Config) refers to stm32l4xx_hal_pwr_ex.o(i.HAL_PWREx_ControlVoltageScaling) for HAL_PWREx_ControlVoltageScaling
    main.o(i.SystemClock_Config) refers to stm32l4xx_hal_rcc.o(i.HAL_RCC_GetHCLKFreq) for HAL_RCC_GetHCLKFreq
    main.o(i.SystemClock_Config) refers to stm32l4xx_hal_cortex.o(i.HAL_SYSTICK_Config) for HAL_SYSTICK_Config
    main.o(i.SystemClock_Config) refers to stm32l4xx_hal_cortex.o(i.HAL_SYSTICK_CLKSourceConfig) for HAL_SYSTICK_CLKSourceConfig
    main.o(i.SystemClock_Config) refers to stm32l4xx_hal_cortex.o(i.HAL_NVIC_SetPriority) for HAL_NVIC_SetPriority
    main.o(i.main) refers to stm32l4xx_hal.o(i.HAL_Init) for HAL_Init
    main.o(i.main) refers to main.o(i.SystemClock_Config) for SystemClock_Config
    main.o(i.main) refers to stm32l4xx_hal_cortex.o(i.HAL_NVIC_SetPriority) for HAL_NVIC_SetPriority
    main.o(i.main) refers to stm32l4xx_hal_msp.o(i.HAL_SPI_MspInit) for HAL_SPI_MspInit
    main.o(i.main) refers to touch.o(i.TP_Init) for TP_Init
    main.o(i.main) refers to touch.o(i.Touch_Init) for Touch_Init
    main.o(i.main) refers to main.o(i.MX_SPI1_Init) for MX_SPI1_Init
    main.o(i.main) refers to lcd.o(i.LCD_Init) for LCD_Init
[...]
    Removing queue.o(i.xQueueIsQueueFullFromISR), (34 bytes).
    Removing queue.o(i.xQueuePeekFromISR), (116 bytes).
    Removing queue.o(i.xQueueReceiveFromISR), (154 bytes).
    Removing queue.o(.bss), (64 bytes).
    Removing tasks.o(i.pcTaskGetName), (32 bytes).
    Removing tasks.o(i.prvTaskIsTaskSuspended), (52 bytes).
    Removing tasks.o(i.pvTaskIncrementMutexHeldCount), (24 bytes).
    Removing tasks.o(i.ulTaskNotifyTake), (104 bytes).
    Removing tasks.o(i.uxTaskGetNumberOfTasks), (12 bytes).
    Removing tasks.o(i.uxTaskPriorityGet), (28 bytes).
    Removing tasks.o(i.uxTaskPriorityGetFromISR), (44 bytes).
    Removing tasks.o(i.uxTaskResetEventItemValue), (24 bytes).
    Removing tasks.o(i.vTaskDelayUntil), (140 bytes).
    Removing tasks.o(i.vTaskDelete), (172 bytes).
    Removing tasks.o(i.vTaskEndScheduler), (28 bytes).
    Removing tasks.o(i.vTaskMissedYield), (12 bytes).
    Removing tasks.o(i.vTaskNotifyGiveFromISR), (184 bytes).
    Removing tasks.o(i.vTaskPlaceOnEventList), (48 bytes).
    Removing tasks.o(i.vTaskPlaceOnUnorderedEventList), (80 bytes).
    Removing tasks.o(i.vTaskPriorityInherit), (132 bytes).
    Removing tasks.o(i.vTaskPrioritySet), (196 bytes).
    Removing tasks.o(i.vTaskResume), (124 bytes).
    Removing tasks.o(i.vTaskSetTimeOutState), (36 bytes).
    Removing tasks.o(i.vTaskSuspend), (176 bytes).
    Removing tasks.o(i.xTaskCheckForTimeOut), (108 bytes).
    Removing tasks.o(i.xTaskGenericNotify), (204 bytes).
    Removing tasks.o(i.xTaskGenericNotifyFromISR), (240 bytes).
    Removing tasks.o(i.xTaskGetCurrentTaskHandle), (12 bytes).
    Removing tasks.o(i.xTaskGetSchedulerState), (28 bytes).
    Removing tasks.o(i.xTaskGetTickCount), (12 bytes).
    Removing tasks.o(i.xTaskGetTickCountFromISR), (16 bytes).
    Removing tasks.o(i.xTaskNotifyStateClear), (52 bytes).
    Removing tasks.o(i.xTaskNotifyWait), (140 bytes).
    Removing tasks.o(i.xTaskPriorityDisinherit), (152 bytes).
    Removing tasks.o(i.xTaskRemoveFromEventList), (116 bytes).
    Removing tasks.o(i.xTaskRemoveFromUnorderedEventList), (120 bytes).
    Removing tasks.o(i.xTaskResumeFromISR), (136 bytes).
    Removing heap_4.o(i.vPortInitialiseBlocks), (2 bytes).
    Removing heap_4.o(i.xPortGetFreeHeapSize), (12 bytes).
    Removing heap_4.o(i.xPortGetMinimumEverFreeHeapSize), (12 bytes).
    Removing port.o(i.vPortEndScheduler), (32 bytes).
    Removing port.o(i.vPortValidateInterruptPriority), (84 bytes).
    Removing port.o(i.xPortSysTickHandler), (44 bytes).
    Removing cmsis_os.o(.rev16_text), (4 bytes).
    Removing cmsis_os.o(.revsh_text), (4 bytes).
    Removing cmsis_os.o(i.inHandlerMode), (12 bytes).
    Removing cmsis_os.o(i.makeCmsisPriority), (14 bytes).
    Removing cmsis_os.o(i.osAbortDelay), (4 bytes).
    Removing cmsis_os.o(i.osDelayUntil), (14 bytes).
    Removing cmsis_os.o(i.osKernelRunning), (18 bytes).
    Removing cmsis_os.o(i.osKernelSysTick), (24 bytes).
    Removing cmsis_os.o(i.osMailAlloc), (12 bytes).
    Removing cmsis_os.o(i.osMailCAlloc), (32 bytes).
    Removing cmsis_os.o(i.osMailCreate), (92 bytes).
    Removing cmsis_os.o(i.osMailFree), (12 bytes).
    Removing cmsis_os.o(i.osMailGet), (154 bytes).
    Removing cmsis_os.o(i.osMailPut), (92 bytes).
    Removing cmsis_os.o(i.osMessageAvailableSpace), (4 bytes).
    Removing cmsis_os.o(i.osMessageCreate), (8 bytes).
    Removing cmsis_os.o(i.osMessageDelete), (24 bytes).
    Removing cmsis_os.o(i.osMessageGet), (158 bytes).
    Removing cmsis_os.o(i.osMessagePeek), (78 bytes).
    Removing cmsis_os.o(i.osMessagePut), (92 bytes).
    Removing cmsis_os.o(i.osMessageWaiting), (30 bytes).
    Removing cmsis_os.o(i.osMutexCreate), (6 bytes).
    Removing cmsis_os.o(i.osMutexDelete), (24 bytes).
    Removing cmsis_os.o(i.osMutexRelease), (80 bytes).
    Removing cmsis_os.o(i.osMutexWait), (104 bytes).
    Removing cmsis_os.o(i.osPoolAlloc), (106 bytes).
    Removing cmsis_os.o(i.osPoolCAlloc), (16 bytes).
    Removing cmsis_os.o(i.osPoolCreate), (94 bytes).
    Removing cmsis_os.o(i.osPoolFree), (48 bytes).
    Removing cmsis_os.o(i.osRecursiveMutexCreate), (4 bytes).
    Removing cmsis_os.o(i.osRecursiveMutexRelease), (4 bytes).
    Removing cmsis_os.o(i.osRecursiveMutexWait), (4 bytes).
    Removing cmsis_os.o(i.osSemaphoreCreate), (38 bytes).
    Removing cmsis_os.o(i.osSemaphoreDelete), (24 bytes).
    Removing cmsis_os.o(i.osSemaphoreGetCount), (4 bytes).
    Removing cmsis_os.o(i.osSemaphoreRelease), (80 bytes).
    Removing cmsis_os.o(i.osSemaphoreWait), (104 bytes).
    Removing cmsis_os.o(i.osSignalSet), (92 bytes).
    Removing cmsis_os.o(i.osSignalWait), (86 bytes).
    Removing cmsis_os.o(i.osSystickHandler), (20 bytes).
    Removing cmsis_os.o(i.osThreadGetId), (4 bytes).
    Removing cmsis_os.o(i.osThreadGetPriority), (32 bytes).
    Removing cmsis_os.o(i.osThreadList), (4 bytes).
    Removing cmsis_os.o(i.osThreadResume), (52 bytes).
    Removing cmsis_os.o(i.osThreadResumeAll), (18 bytes).
    Removing cmsis_os.o(i.osThreadSetPriority), (22 bytes).
    Removing cmsis_os.o(i.osThreadSuspend), (10 bytes).
    Removing cmsis_os.o(i.osThreadSuspendAll), (10 bytes).
    Removing cmsis_os.o(i.osThreadTerminate), (10 bytes).
    Removing cmsis_os.o(i.osThreadYield), (24 bytes).
    Removing cmsis_os.o(i.osTimerCreate), (4 bytes).
    Removing cmsis_os.o(i.osTimerDelete), (4 bytes).
    Removing cmsis_os.o(i.osTimerStart), (4 bytes).
    Removing cmsis_os.o(i.osTimerStop), (4 bytes).

694 unused section(s) (total 52500 bytes) removed from the image.

==============================================================================

Image Symbol Table

    Local Symbols

    Symbol Name                              Value     Ov Type        Size  Object(Section)

    ..//Src/system_stm32l4xx.c               0x00000000   Number         0  system_stm32l4xx.o ABSOLUTE
    ../Drivers/STM32L4xx_HAL_Driver/Src/stm32l4xx_hal.c 0x00000000   Number         0  stm32l4xx_hal.o ABSOLUTE
    ../Drivers/STM32L4xx_HAL_Driver/Src/stm32l4xx_hal_cortex.c 0x00000000   Number         0  stm32l4xx_hal_cortex.o ABSOLUTE
    ../Drivers/STM32L4xx_HAL_Driver/Src/stm32l4xx_hal_dma.c 0x00000000   Number         0  stm32l4xx_hal_dma.o ABSOLUTE
    ../Drivers/STM32L4xx_HAL_Driver/Src/stm32l4xx_hal_dma_ex.c 0x00000000   Number         0  stm32l4xx_hal_dma_ex.o ABSOLUTE
    ../Drivers/STM32L4xx_HAL_Driver/Src/stm32l4xx_hal_flash.c 0x00000000   Number         0  stm32l4xx_hal_flash.o ABSOLUTE
    ../Drivers/STM32L4xx_HAL_Driver/Src/stm32l4xx_hal_flash_ex.c 0x00000000   Number         0  stm32l4xx_hal_flash_ex.o ABSOLUTE
    ../Drivers/STM32L4xx_HAL_Driver/Src/stm32l4xx_hal_flash_ramfunc.c 0x00000000   Number         0  stm32l4xx_hal_flash_ramfunc.o ABSOLUTE
    ../Drivers/STM32L4xx_HAL_Driver/Src/stm32l4xx_hal_gpio.c 0x00000000   Number         0  stm32l4xx_hal_gpio.o ABSOLUTE
    ../Drivers/STM32L4xx_HAL_Driver/Src/stm32l4xx_hal_i2c.c 0x00000000   Number         0  stm32l4xx_hal_i2c.o ABSOLUTE
    ../Drivers/STM32L4xx_HAL_Driver/Src/stm32l4xx_hal_i2c_ex.c 0x00000000   Number         0  stm32l4xx_hal_i2c_ex.o ABSOLUTE
    ../Drivers/STM32L4xx_HAL_Driver/Src/stm32l4xx_hal_pwr.c 0x00000000   Number         0  stm32l4xx_hal_pwr.o ABSOLUTE
    ../Drivers/STM32L4xx_HAL_Driver/Src/stm32l4xx_hal_pwr_ex.c 0x00000000   Number         0  stm32l4xx_hal_pwr_ex.o ABSOLUTE
    ../Drivers/STM32L4xx_HAL_Driver/Src/stm32l4xx_hal_rcc.c 0x00000000   Number         0  stm32l4xx_hal_rcc.o ABSOLUTE
    ../Drivers/STM32L4xx_HAL_Driver/Src/stm32l4xx_hal_rcc_ex.c 0x00000000   Number         0  stm32l4xx_hal_rcc_ex.o ABSOLUTE
    ../Drivers/STM32L4xx_HAL_Driver/Src/stm32l4xx_hal_tim.c 0x00000000   Number         0  stm32l4xx_hal_tim.o ABSOLUTE
    ../Drivers/STM32L4xx_HAL_Driver/Src/stm32l4xx_hal_tim_ex.c 0x00000000   Number         0  stm32l4xx_hal_tim_ex.o ABSOLUTE
    ../Src/main.c                            0x00000000   Number         0  main.o ABSOLUTE
    ../Src/stm32l4xx_hal_msp.c               0x00000000   Number         0  stm32l4xx_hal_msp.o ABSOLUTE
    ../Src/stm32l4xx_it.c                    0x00000000   Number         0  stm32l4xx_it.o ABSOLUTE
    ../clib/microlib/division.c              0x00000000   Number         0  uldiv.o ABSOLUTE
    ../clib/microlib/init/entry.s            0x00000000   Number         0  entry8a.o ABSOLUTE
    ../clib/microlib/init/entry.s            0x00000000   Number         0  entry7b.o ABSOLUTE
    ../clib/microlib/init/entry.s            0x00000000   Number         0  entry7a.o ABSOLUTE
    ../clib/microlib/init/entry.s            0x00000000   Number         0  entry2.o ABSOLUTE
    ../clib/microlib/init/entry.s            0x00000000   Number         0  entry.o ABSOLUTE
    ../clib/microlib/init/entry.s            0x00000000   Number         0  entry5.o ABSOLUTE
    ../clib/microlib/init/entry.s            0x00000000   Number         0  entry11b.o ABSOLUTE
    ../clib/microlib/init/entry.s            0x00000000   Number         0  entry11a.o ABSOLUTE
    ../clib/microlib/init/entry.s            0x00000000   Number         0  entry10b.o ABSOLUTE
    ../clib/microlib/init/entry.s            0x00000000   Number         0  entry10a.o ABSOLUTE
    ../clib/microlib/init/entry.s            0x00000000   Number         0  entry9b.o ABSOLUTE
    ../clib/microlib/init/entry.s            0x00000000   Number         0  entry8b.o ABSOLUTE
    ../clib/microlib/init/entry.s            0x00000000   Number         0  entry9a.o ABSOLUTE
    ../clib/microlib/longlong.c              0x00000000   Number         0  llshl.o ABSOLUTE
    ../clib/microlib/longlong.c              0x00000000   Number         0  llushr.o ABSOLUTE
    ../clib/microlib/string/memcpy.c         0x00000000   Number         0  memcpyb.o ABSOLUTE
    ../clib/microlib/string/memcpy.c         0x00000000   Number         0  memcpya.o ABSOLUTE
    ..\Drivers\HARDWARE\Src\lcd.c            0x00000000   Number         0  lcd.o ABSOLUTE
    ..\Drivers\HARDWARE\Src\touch.c          0x00000000   Number         0  touch.o ABSOLUTE
    ..\Drivers\STM32L4xx_HAL_Driver\Src\stm32l4xx_hal.c 0x00000000   Number         0  stm32l4xx_hal.o ABSOLUTE
    ..\Drivers\STM32L4xx_HAL_Driver\Src\stm32l4xx_hal_cortex.c 0x00000000   Number         0  stm32l4xx_hal_cortex.o ABSOLUTE
    ..\Drivers\STM32L4xx_HAL_Driver\Src\stm32l4xx_hal_dma.c 0x00000000   Number         0  stm32l4xx_hal_dma.o ABSOLUTE
    ..\Drivers\STM32L4xx_HAL_Driver\Src\stm32l4xx_hal_dma_ex.c 0x00000000   Number         0  stm32l4xx_hal_dma_ex.o ABSOLUTE
    ..\Drivers\STM32L4xx_HAL_Driver\Src\stm32l4xx_hal_flash.c 0x00000000   Number         0  stm32l4xx_hal_flash.o ABSOLUTE
    ..\Drivers\STM32L4xx_HAL_Driver\Src\stm32l4xx_hal_flash_ex.c 0x00000000   Number         0  stm32l4xx_hal_flash_ex.o ABSOLUTE
    ..\Drivers\STM32L4xx_HAL_Driver\Src\stm32l4xx_hal_flash_ramfunc.c 0x00000000   Number         0  stm32l4xx_hal_flash_ramfunc.o ABSOLUTE
    ..\Drivers\STM32L4xx_HAL_Driver\Src\stm32l4xx_hal_gpio.c 0x00000000   Number         0  stm32l4xx_hal_gpio.o ABSOLUTE
    ..\Drivers\STM32L4xx_HAL_Driver\Src\stm32l4xx_hal_i2c.c 0x00000000   Number         0  stm32l4xx_hal_i2c.o ABSOLUTE
    ..\Drivers\STM32L4xx_HAL_Driver\Src\stm32l4xx_hal_i2c_ex.c 0x00000000   Number         0  stm32l4xx_hal_i2c_ex.o ABSOLUTE
    ..\Drivers\STM32L4xx_HAL_Driver\Src\stm32l4xx_hal_lcd.c 0x00000000   Number         0  stm32l4xx_hal_lcd.o ABSOLUTE
    ..\Drivers\STM32L4xx_HAL_Driver\Src\stm32l4xx_hal_pwr.c 0x00000000   Number         0  stm32l4xx_hal_pwr.o ABSOLUTE
    ..\Drivers\STM32L4xx_HAL_Driver\Src\stm32l4xx_hal_pwr_ex.c 0x00000000   Number         0  stm32l4xx_hal_pwr_ex.o ABSOLUTE
    ..\Drivers\STM32L4xx_HAL_Driver\Src\stm32l4xx_hal_rcc.c 0x00000000   Number         0  stm32l4xx_hal_rcc.o ABSOLUTE
    ..\Drivers\STM32L4xx_HAL_Driver\Src\stm32l4xx_hal_rcc_ex.c 0x00000000   Number         0  stm32l4xx_hal_rcc_ex.o ABSOLUTE
    ..\Drivers\STM32L4xx_HAL_Driver\Src\stm32l4xx_hal_spi.c 0x00000000   Number         0  stm32l4xx_hal_spi.o ABSOLUTE
    ..\Drivers\STM32L4xx_HAL_Driver\Src\stm32l4xx_hal_spi_ex.c 0x00000000   Number         0  stm32l4xx_hal_spi_ex.o ABSOLUTE
    ..\Drivers\STM32L4xx_HAL_Driver\Src\stm32l4xx_hal_tim.c 0x00000000   Number         0  stm32l4xx_hal_tim.o ABSOLUTE
    ..\Drivers\STM32L4xx_HAL_Driver\Src\stm32l4xx_hal_tim_ex.c 0x00000000   Number         0  stm32l4xx_hal_tim_ex.o ABSOLUTE
    ..\Drivers\STM32L4xx_HAL_Driver\Src\stm32l4xx_hal_uart.c 0x00000000   Number         0  stm32l4xx_hal_uart.o ABSOLUTE
    ..\Drivers\STM32L4xx_HAL_Driver\Src\stm32l4xx_hal_uart_ex.c 0x00000000   Number         0  stm32l4xx_hal_uart_ex.o ABSOLUTE
    ..\Middlewares\Third_Party\FreeRTOS\Source\CMSIS_RTOS\cmsis_os.c 0x00000000   Number         0  cmsis_os.o ABSOLUTE
    ..\Middlewares\Third_Party\FreeRTOS\Source\croutine.c 0x00000000   Number         0  croutine.o ABSOLUTE
    ..\Middlewares\Third_Party\FreeRTOS\Source\event_groups.c 0x00000000   Number         0  event_groups.o ABSOLUTE
    ..\Middlewares\Third_Party\FreeRTOS\Source\list.c 0x00000000   Number         0  list.o ABSOLUTE
    ..\Middlewares\Third_Party\FreeRTOS\Source\portable\MemMang\heap_4.c 0x00000000   Number         0  heap_4.o ABSOLUTE
    ..\Middlewares\Third_Party\FreeRTOS\Source\portable\RVDS\ARM_CM4F\port.c 0x00000000   Number         0  port.o ABSOLUTE
    ..\Middlewares\Third_Party\FreeRTOS\Source\queue.c 0x00000000   Number         0  queue.o ABSOLUTE
    ..\Middlewares\Third_Party\FreeRTOS\Source\tasks.c 0x00000000   Number         0  tasks.o ABSOLUTE
    ..\Middlewares\Third_Party\FreeRTOS\Source\timers.c 0x00000000   Number         0  timers.o ABSOLUTE
    ..\Src\freertos.c                        0x00000000   Number         0  freertos.o ABSOLUTE
    ..\Src\main.c                            0x00000000   Number         0  main.o ABSOLUTE
    ..\Src\stm32l4xx_hal_msp.c               0x00000000   Number         0  stm32l4xx_hal_msp.o ABSOLUTE
    ..\Src\stm32l4xx_it.c                    0x00000000   Number         0  stm32l4xx_it.o ABSOLUTE
    ..\\Drivers\\HARDWARE\\Src\\lcd.c        0x00000000   Number         0  lcd.o ABSOLUTE
    ..\\Drivers\\HARDWARE\\Src\\touch.c      0x00000000   Number         0  touch.o ABSOLUTE
    ..\\Drivers\\STM32L4xx_HAL_Driver\\Src\\stm32l4xx_hal_lcd.c 0x00000000   Number         0  stm32l4xx_hal_lcd.o ABSOLUTE
    ..\\Drivers\\STM32L4xx_HAL_Driver\\Src\\stm32l4xx_hal_spi.c 0x00000000   Number         0  stm32l4xx_hal_spi.o ABSOLUTE
    ..\\Drivers\\STM32L4xx_HAL_Driver\\Src\\stm32l4xx_hal_spi_ex.c 0x00000000   Number         0  stm32l4xx_hal_spi_ex.o ABSOLUTE
    ..\\Drivers\\STM32L4xx_HAL_Driver\\Src\\stm32l4xx_hal_uart.c 0x00000000   Number         0  stm32l4xx_hal_uart.o ABSOLUTE
    ..\\Drivers\\STM32L4xx_HAL_Driver\\Src\\stm32l4xx_hal_uart_ex.c 0x00000000   Number         0  stm32l4xx_hal_uart_ex.o ABSOLUTE
    ..\\Middlewares\\Third_Party\\FreeRTOS\\Source\\CMSIS_RTOS\\cmsis_os.c 0x00000000   Number         0  cmsis_os.o ABSOLUTE
    ..\\Middlewares\\Third_Party\\FreeRTOS\\Source\\portable\\RVDS\\ARM_CM4F\\port.c 0x00000000   Number         0  port.o ABSOLUTE
    ..\\Src\system_stm32l4xx.c               0x00000000   Number         0  system_stm32l4xx.o ABSOLUTE
    dc.s                                     0x00000000   Number         0  dc.o ABSOLUTE
    handlers.s                               0x00000000   Number         0  handlers.o ABSOLUTE
    init.s                                   0x00000000   Number         0  init.o ABSOLUTE
    startup_stm32l432xx.s                    0x00000000   Number         0  startup_stm32l432xx.o ABSOLUTE
    RESET                                    0x08000000   Section      396  startup_stm32l432xx.o(RESET)
    .ARM.Collect$$$$00000000                 0x0800018c   Section        0  entry.o(.ARM.Collect$$$$00000000)
    .ARM.Collect$$$$00000001                 0x0800018c   Section        4  entry2.o(.ARM.Collect$$$$00000001)
    .ARM.Collect$$$$00000004                 0x08000190   Section        4  entry5.o(.ARM.Collect$$$$00000004)
    .ARM.Collect$$$$00000008                 0x08000194   Section        0  entry7b.o(.ARM.Collect$$$$00000008)
    .ARM.Collect$$$$0000000A                 0x08000194   Section        0  entry8b.o(.ARM.Collect$$$$0000000A)
    .ARM.Collect$$$$0000000B                 0x08000194   Section        8  entry9a.o(.ARM.Collect$$$$0000000B)
    .ARM.Collect$$$$0000000D                 0x0800019c   Section        0  entry10a.o(.ARM.Collect$$$$0000000D)
    .ARM.Collect$$$$0000000F                 0x0800019c   Section        0  entry11a.o(.ARM.Collect$$$$0000000F)
    .ARM.Collect$$$$00002712                 0x0800019c   Section        4  entry2.o(.ARM.Collect$$$$00002712)
    __lit__00000000                          0x0800019c   Data           4  entry2.o(.ARM.Collect$$$$00002712)
    .emb_text                                0x080001a0   Section      186  port.o(.emb_text)
    $v0                                      0x080001a0   Number         0  port.o(.emb_text)
    .text                                    0x0800027c   Section       36  startup_stm32l432xx.o(.text)
    $v0                                      0x0800027c   Number         0  startup_stm32l432xx.o(.text)
    .text                                    0x080002a0   Section        0  uldiv.o(.text)
    .text                                    0x08000308   Section        0  memcpya.o(.text)
    .text                                    0x0800032c   Section        0  llshl.o(.text)
    .text                                    0x0800034a   Section        0  llushr.o(.text)
    .text                                    0x0800036c   Section       36  init.o(.text)
    i.ADS_Read_AD                            0x08000390   Section        0  touch.o(i.ADS_Read_AD)
    i.ADS_Read_XY                            0x080003d0   Section        0  touch.o(i.ADS_Read_XY)
    i.Address_Set                            0x0800042e   Section        0  lcd.o(i.Address_Set)
    i.BusFault_Handler                       0x08000488   Section        0  stm32l4xx_it.o(i.BusFault_Handler)
    i.Convert_Pos                            0x0800048c   Section        0  touch.o(i.Convert_Pos)
    i.DMA1_Channel2_IRQHandler               0x080004e8   Section        0  stm32l4xx_it.o(i.DMA1_Channel2_IRQHandler)
    i.DMA1_Channel3_IRQHandler               0x080004f4   Section        0  stm32l4xx_it.o(i.DMA1_Channel3_IRQHandler)
    i.DebugMon_Handler                       0x08000500   Section        0  stm32l4xx_it.o(i.DebugMon_Handler)
    i.Detect                                 0x08000502   Section        0  lcd.o(i.Detect)
    i.HAL_DMA_Abort_IT                       0x08000516   Section        0  stm32l4xx_hal_dma.o(i.HAL_DMA_Abort_IT)
    i.HAL_DMA_IRQHandler                     0x08000564   Section        0  stm32l4xx_hal_dma.o(i.HAL_DMA_IRQHandler)
    i.HAL_DMA_Init                           0x08000620   Section        0  stm32l4xx_hal_dma.o(i.HAL_DMA_Init)
    i.HAL_Delay                              0x080006e0   Section        0  stm32l4xx_hal.o(i.HAL_Delay)
    i.HAL_GPIO_Init                          0x080006fc   Section        0  stm32l4xx_hal_gpio.o(i.HAL_GPIO_Init)
    i.HAL_GPIO_ReadPin                       0x0800088e   Section        0  stm32l4xx_hal_gpio.o(i.HAL_GPIO_ReadPin)
    i.HAL_GPIO_WritePin                      0x08000898   Section        0  stm32l4xx_hal_gpio.o(i.HAL_GPIO_WritePin)
    i.HAL_GetTick                            0x080008a4   Section        0  stm32l4xx_hal.o(i.HAL_GetTick)
    i.HAL_IncTick                            0x080008b0   Section        0  stm32l4xx_hal.o(i.HAL_IncTick)
    i.HAL_Init                               0x080008c0   Section        0  stm32l4xx_hal.o(i.HAL_Init)
    i.HAL_InitTick                           0x080008d8   Section        0  stm32l4xx_hal.o(i.HAL_InitTick)
    i.HAL_MspInit                            0x08000900   Section        0  stm32l4xx_hal_msp.o(i.HAL_MspInit)
    i.HAL_NVIC_EnableIRQ                     0x08000980   Section        0  stm32l4xx_hal_cortex.o(i.HAL_NVIC_EnableIRQ)
    i.HAL_NVIC_SetPriority                   0x08000998   Section        0  stm32l4xx_hal_cortex.o(i.HAL_NVIC_SetPriority)
    i.HAL_NVIC_SetPriorityGrouping           0x080009d8   Section        0  stm32l4xx_hal_cortex.o(i.HAL_NVIC_SetPriorityGrouping)
    i.HAL_PWREx_ControlVoltageScaling        0x080009fc   Section        0  stm32l4xx_hal_pwr_ex.o(i.HAL_PWREx_ControlVoltageScaling)
    i.HAL_PWREx_GetVoltageRange              0x08000a60   Section        0  stm32l4xx_hal_pwr_ex.o(i.HAL_PWREx_GetVoltageRange)
    i.HAL_RCC_ClockConfig                    0x08000a70   Section        0  stm32l4xx_hal_rcc.o(i.HAL_RCC_ClockConfig)
    i.HAL_RCC_GetHCLKFreq                    0x08000b84   Section        0  stm32l4xx_hal_rcc.o(i.HAL_RCC_GetHCLKFreq)
    i.HAL_RCC_GetPCLK1Freq                   0x08000b90   Section        0  stm32l4xx_hal_rcc.o(i.HAL_RCC_GetPCLK1Freq)
    i.HAL_RCC_GetPCLK2Freq                   0x08000bb0   Section        0  stm32l4xx_hal_rcc.o(i.HAL_RCC_GetPCLK2Freq)
    i.HAL_RCC_GetSysClockFreq                0x08000bd0   Section        0  stm32l4xx_hal_rcc.o(i.HAL_RCC_GetSysClockFreq)
    i.HAL_RCC_OscConfig                      0x08000c94   Section        0  stm32l4xx_hal_rcc.o(i.HAL_RCC_OscConfig)
    i.HAL_SPI_ErrorCallback                  0x08001148   Section        0  stm32l4xx_hal_spi.o(i.HAL_SPI_ErrorCallback)
    i.HAL_SPI_IRQHandler                     0x0800114c   Section        0  stm32l4xx_hal_spi.o(i.HAL_SPI_IRQHandler)
    i.HAL_SPI_Init                           0x08001224   Section        0  stm32l4xx_hal_spi.o(i.HAL_SPI_Init)
    i.HAL_SPI_MspInit                        0x080012d0   Section        0  stm32l4xx_hal_msp.o(i.HAL_SPI_MspInit)
    i.HAL_SYSTICK_CLKSourceConfig            0x080013b4   Section        0  stm32l4xx_hal_cortex.o(i.HAL_SYSTICK_CLKSourceConfig)
    i.HAL_SYSTICK_Callback                   0x080013cc   Section        0  stm32l4xx_hal_cortex.o(i.HAL_SYSTICK_Callback)
    i.HAL_SYSTICK_Config                     0x080013ce   Section        0  stm32l4xx_hal_cortex.o(i.HAL_SYSTICK_Config)
    i.HAL_SYSTICK_IRQHandler                 0x080013f6   Section        0  stm32l4xx_hal_cortex.o(i.HAL_SYSTICK_IRQHandler)
    i.HAL_TIMEx_Break2Callback               0x080013fe   Section        0  stm32l4xx_hal_tim_ex.o(i.HAL_TIMEx_Break2Callback)
    i.HAL_TIMEx_BreakCallback                0x08001400   Section        0  stm32l4xx_hal_tim_ex.o(i.HAL_TIMEx_BreakCallback)
    i.HAL_TIMEx_CommutationCallback          0x08001402   Section        0  stm32l4xx_hal_tim_ex.o(i.HAL_TIMEx_CommutationCallback)
    i.HAL_TIMEx_ConfigBreakDeadTime          0x08001404   Section        0  stm32l4xx_hal_tim_ex.o(i.HAL_TIMEx_ConfigBreakDeadTime)
    i.HAL_TIMEx_MasterConfigSynchronization  0x08001488   Section        0  stm32l4xx_hal_tim_ex.o(i.HAL_TIMEx_MasterConfigSynchronization)
    i.HAL_TIM_Base_Init                      0x080014e0   Section        0  stm32l4xx_hal_tim.o(i.HAL_TIM_Base_Init)
    i.HAL_TIM_Base_MspInit                   0x08001518   Section        0  stm32l4xx_hal_msp.o(i.HAL_TIM_Base_MspInit)
    i.HAL_TIM_Base_Start_IT                  0x08001554   Section        0  stm32l4xx_hal_tim.o(i.HAL_TIM_Base_Start_IT)
    i.HAL_TIM_ConfigClockSource              0x08001584   Section        0  stm32l4xx_hal_tim.o(i.HAL_TIM_ConfigClockSource)
    i.HAL_TIM_IC_CaptureCallback             0x08001670   Section        0  stm32l4xx_hal_tim.o(i.HAL_TIM_IC_CaptureCallback)
    i.HAL_TIM_IRQHandler                     0x08001672   Section        0  stm32l4xx_hal_tim.o(i.HAL_TIM_IRQHandler)
    i.HAL_TIM_MspPostInit                    0x080017f8   Section        0  stm32l4xx_hal_msp.o(i.HAL_TIM_MspPostInit)
    i.HAL_TIM_OC_DelayElapsedCallback        0x08001828   Section        0  stm32l4xx_hal_tim.o(i.HAL_TIM_OC_DelayElapsedCallback)
    i.HAL_TIM_PWM_ConfigChannel              0x0800182a   Section        0  stm32l4xx_hal_tim.o(i.HAL_TIM_PWM_ConfigChannel)
    i.HAL_TIM_PWM_Init                       0x08001952   Section        0  stm32l4xx_hal_tim.o(i.HAL_TIM_PWM_Init)
    i.HAL_TIM_PWM_MspInit                    0x08001988   Section        0  stm32l4xx_hal_tim.o(i.HAL_TIM_PWM_MspInit)
    i.HAL_TIM_PWM_PulseFinishedCallback      0x0800198a   Section        0  stm32l4xx_hal_tim.o(i.HAL_TIM_PWM_PulseFinishedCallback)
    i.HAL_TIM_PWM_Start                      0x0800198c   Section        0  stm32l4xx_hal_tim.o(i.HAL_TIM_PWM_Start)
    i.HAL_TIM_PeriodElapsedCallback          0x080019e8   Section        0  main.o(i.HAL_TIM_PeriodElapsedCallback)
    i.HAL_TIM_TriggerCallback                0x080019ea   Section        0  stm32l4xx_hal_tim.o(i.HAL_TIM_TriggerCallback)
    i.HAL_UARTEx_WakeupCallback              0x080019ec   Section        0  stm32l4xx_hal_uart_ex.o(i.HAL_UARTEx_WakeupCallback)
    i.HAL_UART_ErrorCallback                 0x080019ee   Section        0  stm32l4xx_hal_uart.o(i.HAL_UART_ErrorCallback)
    i.HAL_UART_IRQHandler                    0x080019f0   Section        0  stm32l4xx_hal_uart.o(i.HAL_UART_IRQHandler)
    i.HAL_UART_Init                          0x08001b34   Section        0  stm32l4xx_hal_uart.o(i.HAL_UART_Init)
    i.HAL_UART_MspInit                       0x08001ba0   Section        0  stm32l4xx_hal_msp.o(i.HAL_UART_MspInit)
    i.HAL_UART_TxCpltCallback                0x08001bfc   Section        0  stm32l4xx_hal_uart.o(i.HAL_UART_TxCpltCallback)
    i.HardFault_Handler                      0x08001bfe   Section        0  stm32l4xx_it.o(i.HardFault_Handler)
    i.LCD_Clear                              0x08001c00   Section        0  lcd.o(i.LCD_Clear)
    i.LCD_Init                               0x08001c64   Section        0  lcd.o(i.LCD_Init)
    i.LCD_ShowImage                          0x08001efc   Section        0  lcd.o(i.LCD_ShowImage)
    i.LCD_ShowNum_32                         0x08001fe8   Section        0  lcd.o(i.LCD_ShowNum_32)
    i.LCD_ShowSinogram_16                    0x08002040   Section        0  lcd.o(i.LCD_ShowSinogram_16)
    i.LCD_ShowSinogram_32                    0x08002098   Section        0  lcd.o(i.LCD_ShowSinogram_32)
    i.LCD_WR_DATA                            0x080020f0   Section        0  lcd.o(i.LCD_WR_DATA)
    i.LCD_WR_DATA8                           0x08002128   Section        0  lcd.o(i.LCD_WR_DATA8)
    i.LCD_WR_REG                             0x08002158   Section        0  lcd.o(i.LCD_WR_REG)
    i.LCD_Writ_Bus                           0x08002188   Section        0  lcd.o(i.LCD_Writ_Bus)
    i.MX_SPI1_Init                           0x080021c8   Section        0  main.o(i.MX_SPI1_Init)
    MX_SPI1_Init                             0x080021c9   Thumb Code    64  main.o(i.MX_SPI1_Init)
    i.MX_TIM1_Init                           0x08002210   Section        0  main.o(i.MX_TIM1_Init)
    MX_TIM1_Init                             0x08002211   Thumb Code   164  main.o(i.MX_TIM1_Init)
    i.MX_TIM2_Init                           0x080022bc   Section        0  main.o(i.MX_TIM2_Init)
    MX_TIM2_Init                             0x080022bd   Thumb Code    78  main.o(i.MX_TIM2_Init)
    i.MX_USART1_UART_Init                    0x08002310   Section        0  main.o(i.MX_USART1_UART_Init)
    MX_USART1_UART_Init                      0x08002311   Thumb Code    48  main.o(i.MX_USART1_UART_Init)
    i.MemManage_Handler                      0x08002348   Section        0  stm32l4xx_it.o(i.MemManage_Handler)
    i.NMI_Handler                            0x0800234a   Section        0  stm32l4xx_it.o(i.NMI_Handler)
    i.NVIC_SetPriority                       0x0800234c   Section        0  stm32l4xx_hal_cortex.o(i.NVIC_SetPriority)
    NVIC_SetPriority                         0x0800234d   Thumb Code    32  stm32l4xx_hal_cortex.o(i.NVIC_SetPriority)
    i.Point                                  0x0800236c   Section        0  touch.o(i.Point)
    i.RCC_SetFlashLatencyFromMSIRange        0x080024c8   Section        0  stm32l4xx_hal_rcc.o(i.RCC_SetFlashLatencyFromMSIRange)
    RCC_SetFlashLatencyFromMSIRange          0x080024c9   Thumb Code   116  stm32l4xx_hal_rcc.o(i.RCC_SetFlashLatencyFromMSIRange)
    i.ReadFromCharFrom7843                   0x08002544   Section        0  touch.o(i.ReadFromCharFrom7843)
    i.Read_ADS                               0x0800257e   Section        0  touch.o(i.Read_ADS)
    i.Read_ADS2                              0x080025a6   Section        0  touch.o(i.Read_ADS2)
    i.SET_MODE                               0x08002614   Section        0  touch.o(i.SET_MODE)
    i.SPI1_IRQHandler                        0x08002784   Section        0  stm32l4xx_it.o(i.SPI1_IRQHandler)
    i.SPI_DMAAbortOnError                    0x08002790   Section        0  stm32l4xx_hal_spi.o(i.SPI_DMAAbortOnError)
    SPI_DMAAbortOnError                      0x08002791   Thumb Code    18  stm32l4xx_hal_spi.o(i.SPI_DMAAbortOnError)
    i.StartDefaultTask                       0x080027a2   Section        0  main.o(i.StartDefaultTask)
    i.SysTick_Handler                        0x080027aa   Section        0  stm32l4xx_it.o(i.SysTick_Handler)
    i.SystemClock_Config                     0x080027b8   Section        0  main.o(i.SystemClock_Config)
    i.SystemInit                             0x08002830   Section        0  system_stm32l4xx.o(i.SystemInit)
    i.TIM2_IRQHandler                        0x08002874   Section        0  stm32l4xx_it.o(i.TIM2_IRQHandler)
    i.TIM_Base_SetConfig                     0x08002880   Section        0  stm32l4xx_hal_tim.o(i.TIM_Base_SetConfig)
    i.TIM_CCxChannelCmd                      0x080028ec   Section        0  stm32l4xx_hal_tim.o(i.TIM_CCxChannelCmd)
    i.TIM_ETR_SetConfig                      0x08002906   Section        0  stm32l4xx_hal_tim.o(i.TIM_ETR_SetConfig)
    i.TIM_ITRx_SetConfig                     0x0800291a   Section        0  stm32l4xx_hal_tim.o(i.TIM_ITRx_SetConfig)
    TIM_ITRx_SetConfig                       0x0800291b   Thumb Code    16  stm32l4xx_hal_tim.o(i.TIM_ITRx_SetConfig)
    i.TIM_OC1_SetConfig                      0x0800292c   Section        0  stm32l4xx_hal_tim.o(i.TIM_OC1_SetConfig)
    TIM_OC1_SetConfig                        0x0800292d   Thumb Code   104  stm32l4xx_hal_tim.o(i.TIM_OC1_SetConfig)
    i.TIM_OC2_SetConfig                      0x080029a4   Section        0  stm32l4xx_hal_tim.o(i.TIM_OC2_SetConfig)
    i.TIM_OC3_SetConfig                      0x08002a1c   Section        0  stm32l4xx_hal_tim.o(i.TIM_OC3_SetConfig)
    TIM_OC3_SetConfig                        0x08002a1d   Thumb Code   100  stm32l4xx_hal_tim.o(i.TIM_OC3_SetConfig)
    i.TIM_OC4_SetConfig                      0x08002a90   Section        0  stm32l4xx_hal_tim.o(i.TIM_OC4_SetConfig)
    TIM_OC4_SetConfig                        0x08002a91   Thumb Code    80  stm32l4xx_hal_tim.o(i.TIM_OC4_SetConfig)
    i.TIM_OC5_SetConfig                      0x08002af0   Section        0  stm32l4xx_hal_tim.o(i.TIM_OC5_SetConfig)
    TIM_OC5_SetConfig                        0x08002af1   Thumb Code    74  stm32l4xx_hal_tim.o(i.TIM_OC5_SetConfig)
    i.TIM_OC6_SetConfig                      0x08002b4c   Section        0  stm32l4xx_hal_tim.o(i.TIM_OC6_SetConfig)
    TIM_OC6_SetConfig                        0x08002b4d   Thumb Code    76  stm32l4xx_hal_tim.o(i.TIM_OC6_SetConfig)
    i.TIM_TI1_ConfigInputStage               0x08002ba8   Section        0  stm32l4xx_hal_tim.o(i.TIM_TI1_ConfigInputStage)
    TIM_TI1_ConfigInputStage                 0x08002ba9   Thumb Code    34  stm32l4xx_hal_tim.o(i.TIM_TI1_ConfigInputStage)
    i.TIM_TI2_ConfigInputStage               0x08002bca   Section        0  stm32l4xx_hal_tim.o(i.TIM_TI2_ConfigInputStage)
    TIM_TI2_ConfigInputStage                 0x08002bcb   Thumb Code    36  stm32l4xx_hal_tim.o(i.TIM_TI2_ConfigInputStage)
    i.TP_Init                                0x08002bf0   Section        0  touch.o(i.TP_Init)
    i.Touch_Init                             0x08002c3c   Section        0  touch.o(i.Touch_Init)
    i.UART_AdvFeatureConfig                  0x08002c6e   Section        0  stm32l4xx_hal_uart.o(i.UART_AdvFeatureConfig)
    i.UART_CheckIdleState                    0x08002d36   Section        0  stm32l4xx_hal_uart.o(i.UART_CheckIdleState)
    i.UART_DMAAbortOnError                   0x08002d92   Section        0  stm32l4xx_hal_uart.o(i.UART_DMAAbortOnError)
    UART_DMAAbortOnError                     0x08002d93   Thumb Code    20  stm32l4xx_hal_uart.o(i.UART_DMAAbortOnError)
    i.UART_EndRxTransfer                     0x08002da6   Section        0  stm32l4xx_hal_uart.o(i.UART_EndRxTransfer)
    UART_EndRxTransfer                       0x08002da7   Thumb Code    32  stm32l4xx_hal_uart.o(i.UART_EndRxTransfer)
    i.UART_SetConfig                         0x08002dc8   Section        0  stm32l4xx_hal_uart.o(i.UART_SetConfig)
    i.UART_WaitOnFlagUntilTimeout            0x08002ffc   Section        0  stm32l4xx_hal_uart.o(i.UART_WaitOnFlagUntilTimeout)
    i.USART1_IRQHandler                      0x08003060   Section        0  stm32l4xx_it.o(i.USART1_IRQHandler)
    i.UsageFault_Handler                     0x0800306c   Section        0  stm32l4xx_it.o(i.UsageFault_Handler)
    i.WriteCharTo7843                        0x0800306e   Section        0  touch.o(i.WriteCharTo7843)
    i._Error_Handler                         0x080030b6   Section        0  main.o(i._Error_Handler)
    i.__scatterload_copy                     0x080030b8   Section       14  handlers.o(i.__scatterload_copy)
    i.__scatterload_null                     0x080030c6   Section        2  handlers.o(i.__scatterload_null)
    i.__scatterload_zeroinit                 0x080030c8   Section       14  handlers.o(i.__scatterload_zeroinit)
    i.main                                   0x080030d8   Section        0  main.o(i.main)
    i.makeFreeRtosPriority                   0x08003230   Section        0  cmsis_os.o(i.makeFreeRtosPriority)
    makeFreeRtosPriority                     0x08003231   Thumb Code    12  cmsis_os.o(i.makeFreeRtosPriority)
    i.osDelay                                0x0800323c   Section        0  cmsis_os.o(i.osDelay)
    i.osKernelStart                          0x0800324a   Section        0  cmsis_os.o(i.osKernelStart)
    i.osThreadCreate                         0x08003254   Section        0  cmsis_os.o(i.osThreadCreate)
    i.prvAddCurrentTaskToDelayedList         0x08003284   Section        0  tasks.o(i.prvAddCurrentTaskToDelayedList)
    prvAddCurrentTaskToDelayedList           0x08003285   Thumb Code   102  tasks.o(i.prvAddCurrentTaskToDelayedList)
    i.prvAddNewTaskToReadyList               0x080032f4   Section        0  tasks.o(i.prvAddNewTaskToReadyList)
    prvAddNewTaskToReadyList                 0x080032f5   Thumb Code   194  tasks.o(i.prvAddNewTaskToReadyList)
    i.prvCheckTasksWaitingTermination        0x080033c4   Section        0  tasks.o(i.prvCheckTasksWaitingTermination)
    prvCheckTasksWaitingTermination          0x080033c5   Thumb Code    70  tasks.o(i.prvCheckTasksWaitingTermination)
    i.prvDeleteTCB                           0x08003414   Section        0  tasks.o(i.prvDeleteTCB)
    prvDeleteTCB                             0x08003415   Thumb Code    20  tasks.o(i.prvDeleteTCB)
    i.prvHeapInit                            0x08003428   Section        0  heap_4.o(i.prvHeapInit)
    prvHeapInit                              0x08003429   Thumb Code    64  heap_4.o(i.prvHeapInit)
    i.prvIdleTask                            0x08003470   Section        0  tasks.o(i.prvIdleTask)
    prvIdleTask                              0x08003471   Thumb Code    30  tasks.o(i.prvIdleTask)
    i.prvInitialiseNewTask                   0x08003498   Section        0  tasks.o(i.prvInitialiseNewTask)
    prvInitialiseNewTask                     0x08003499   Thumb Code   142  tasks.o(i.prvInitialiseNewTask)
    i.prvInsertBlockIntoFreeList             0x08003528   Section        0  heap_4.o(i.prvInsertBlockIntoFreeList)
    prvInsertBlockIntoFreeList               0x08003529   Thumb Code    72  heap_4.o(i.prvInsertBlockIntoFreeList)
    i.prvResetNextTaskUnblockTime            0x08003574   Section        0  tasks.o(i.prvResetNextTaskUnblockTime)
    prvResetNextTaskUnblockTime              0x08003575   Thumb Code    26  tasks.o(i.prvResetNextTaskUnblockTime)
    i.prvTaskExitError                       0x08003594   Section        0  port.o(i.prvTaskExitError)
    prvTaskExitError                         0x08003595   Thumb Code    36  port.o(i.prvTaskExitError)
    i.pvPortMalloc                           0x080035bc   Section        0  heap_4.o(i.pvPortMalloc)
    i.pxPortInitialiseStack                  0x08003694   Section        0  port.o(i.pxPortInitialiseStack)
    i.tpstate                                0x080036c0   Section        0  touch.o(i.tpstate)
    i.uxListRemove                           0x080036ca   Section        0  list.o(i.uxListRemove)
    i.vListInitialise                        0x080036ee   Section        0  list.o(i.vListInitialise)
    i.vListInitialiseItem                    0x08003704   Section        0  list.o(i.vListInitialiseItem)
    i.vListInsert                            0x0800370a   Section        0  list.o(i.vListInsert)
    i.vListInsertEnd                         0x0800373a   Section        0  list.o(i.vListInsertEnd)
    i.vPortEnterCritical                     0x08003754   Section        0  port.o(i.vPortEnterCritical)
    i.vPortExitCritical                      0x08003794   Section        0  port.o(i.vPortExitCritical)
    i.vPortFree                              0x080037bc   Section        0  heap_4.o(i.vPortFree)
    i.vPortSetupTimerInterrupt               0x08003818   Section        0  port.o(i.vPortSetupTimerInterrupt)
    i.vTaskDelay                             0x08003838   Section        0  tasks.o(i.vTaskDelay)
    i.vTaskStartScheduler                    0x08003884   Section        0  tasks.o(i.vTaskStartScheduler)
    i.vTaskSuspendAll                        0x080038ec   Section        0  tasks.o(i.vTaskSuspendAll)
    i.vTaskSwitchContext                     0x080038fc   Section        0  tasks.o(i.vTaskSwitchContext)
    i.xPortStartScheduler                    0x08003958   Section        0  port.o(i.xPortStartScheduler)
    i.xTaskCreate                            0x08003a38   Section        0  tasks.o(i.xTaskCreate)
    i.xTaskIncrementTick                     0x08003a94   Section        0  tasks.o(i.xTaskIncrementTick)
    i.xTaskResumeAll                         0x08003b5c   Section        0  tasks.o(i.xTaskResumeAll)
    .constdata                               0x08003c20   Section    153620  main.o(.constdata)
    .constdata                               0x08029434   Section       64  system_stm32l4xx.o(.constdata)
    .constdata                               0x08029474   Section        8  system_stm32l4xx.o(.constdata)
    .constdata                               0x0802947c   Section    14136  lcd.o(.constdata)
    .conststring                             0x0802cbb4   Section       12  main.o(.conststring)
    .data                                    0x20000000   Section        4  main.o(.data)
    .data                                    0x20000004   Section        4  stm32l4xx_hal.o(.data)
    .data                                    0x20000008   Section        4  system_stm32l4xx.o(.data)
    .data                                    0x2000000c   Section       36  touch.o(.data)
    Set_Temp                                 0x2000000c   Data           1  touch.o(.data)
    Now_Temp                                 0x2000000d   Data           1  touch.o(.data)
    .data                                    0x20000030   Section       12  lcd.o(.data)
    .data                                    0x2000003c   Section       60  tasks.o(.data)
    uxDeletedTasksWaitingCleanUp             0x20000040   Data           4  tasks.o(.data)
    uxCurrentNumberOfTasks                   0x20000044   Data           4  tasks.o(.data)
    xTickCount                               0x20000048   Data           4  tasks.o(.data)
    uxTopReadyPriority                       0x2000004c   Data           4  tasks.o(.data)
    xSchedulerRunning                        0x20000050   Data           4  tasks.o(.data)
    uxPendedTicks                            0x20000054   Data           4  tasks.o(.data)
    xYieldPending                            0x20000058   Data           4  tasks.o(.data)
    xNumOfOverflows                          0x2000005c   Data           4  tasks.o(.data)
    uxTaskNumber                             0x20000060   Data           4  tasks.o(.data)
    xNextTaskUnblockTime                     0x20000064   Data           4  tasks.o(.data)
    xIdleTaskHandle                          0x20000068   Data           4  tasks.o(.data)
    uxSchedulerSuspended                     0x2000006c   Data           4  tasks.o(.data)
    pxDelayedTaskList                        0x20000070   Data           4  tasks.o(.data)
    pxOverflowDelayedTaskList                0x20000074   Data           4  tasks.o(.data)
    .data                                    0x20000078   Section       24  heap_4.o(.data)
    pxEnd                                    0x20000078   Data           4  heap_4.o(.data)
    xFreeBytesRemaining                      0x2000007c   Data           4  heap_4.o(.data)
    xMinimumEverFreeBytesRemaining           0x20000080   Data           4  heap_4.o(.data)
    xBlockAllocatedBit                       0x20000084   Data           4  heap_4.o(.data)
    xStart                                   0x20000088   Data           8  heap_4.o(.data)
    .data                                    0x20000090   Section       12  port.o(.data)
    ucMaxSysCallPriority                     0x20000090   Data           1  port.o(.data)
    uxCriticalNesting                        0x20000094   Data           4  port.o(.data)
    ulMaxPRIGROUPValue                       0x20000098   Data           4  port.o(.data)
    .bss                                     0x2000009c   Section      348  main.o(.bss)
    .bss                                     0x200001f8   Section       72  main.o(.bss)
    .bss                                     0x20000240   Section       72  main.o(.bss)
    .bss                                     0x20000288   Section      240  tasks.o(.bss)
    pxReadyTasksLists                        0x20000288   Data         140  tasks.o(.bss)
    xDelayedTaskList1                        0x20000314   Data          20  tasks.o(.bss)
    xDelayedTaskList2                        0x20000328   Data          20  tasks.o(.bss)
    xPendingReadyList                        0x2000033c   Data          20  tasks.o(.bss)
    xTasksWaitingTermination                 0x20000350   Data          20  tasks.o(.bss)
    xSuspendedTaskList                       0x20000364   Data          20  tasks.o(.bss)
    .bss                                     0x20000378   Section     3000  heap_4.o(.bss)
    ucHeap                                   0x20000378   Data        3000  heap_4.o(.bss)
    STACK                                    0x20000f30   Section     1024  startup_stm32l432xx.o(STACK)

    Global Symbols

    Symbol Name                              Value     Ov Type        Size  Object(Section)

    BuildAttributes$$THM_ISAv4$E$P$D$K$B$S$7EM$VFPi3$EXTD16$VFPS$VFMA$PE$A:L22UL41UL21$X:L11$S22US41US21$IEEE1$IW$USESV6$~STKCKD$USESV7$~SHL$OSPACE$EBA8$MICROLIB$REQ8$PRES8$EABIv2 0x00000000   Number         0  anon$$obj.o ABSOLUTE
    __ARM_use_no_argv                        0x00000000   Number         0  main.o ABSOLUTE
    __cpp_initialize__aeabi_                  - Undefined Weak Reference
    __cxa_finalize                            - Undefined Weak Reference
    __decompress                              - Undefined Weak Reference
    _clock_init                               - Undefined Weak Reference
    _microlib_exit                            - Undefined Weak Reference
    __Vectors_Size                           0x0000018c   Number         0  startup_stm32l432xx.o ABSOLUTE
    __Vectors                                0x08000000   Data           4  startup_stm32l432xx.o(RESET)
    __Vectors_End                            0x0800018c   Data           0  startup_stm32l432xx.o(RESET)
    __main                                   0x0800018d   Thumb Code     0  entry.o(.ARM.Collect$$$$00000000)
    _main_stk                                0x0800018d   Thumb Code     0  entry2.o(.ARM.Collect$$$$00000001)
    _main_scatterload                        0x08000191   Thumb Code     0  entry5.o(.ARM.Collect$$$$00000004)
    __main_after_scatterload                 0x08000195   Thumb Code     0  entry5.o(.ARM.Collect$$$$00000004)
    _main_clock                              0x08000195   Thumb Code     0  entry7b.o(.ARM.Collect$$$$00000008)
    _main_cpp_init                           0x08000195   Thumb Code     0  entry8b.o(.ARM.Collect$$$$0000000A)
    _main_init                               0x08000195   Thumb Code     0  entry9a.o(.ARM.Collect$$$$0000000B)
    __rt_final_cpp                           0x0800019d   Thumb Code     0  entry10a.o(.ARM.Collect$$$$0000000D)
    __rt_final_exit                          0x0800019d   Thumb Code     0  entry11a.o(.ARM.Collect$$$$0000000F)
    SVC_Handler                              0x080001a1   Thumb Code    28  port.o(.emb_text)
    __asm___6_port_c_39a90d8d__prvStartFirstTask 0x080001c1   Thumb Code    28  port.o(.emb_text)
    __asm___6_port_c_39a90d8d__prvEnableVFP  0x080001e1   Thumb Code    16  port.o(.emb_text)
    PendSV_Handler                           0x080001f5   Thumb Code    92  port.o(.emb_text)
    vPortGetIPSR                             0x08000255   Thumb Code     6  port.o(.emb_text)
    Reset_Handler                            0x0800027d   Thumb Code     8  startup_stm32l432xx.o(.text)
    ADC1_IRQHandler                          0x08000297   Thumb Code     0  startup_stm32l432xx.o(.text)
    CAN1_RX0_IRQHandler                      0x08000297   Thumb Code     0  startup_stm32l432xx.o(.text)
    CAN1_RX1_IRQHandler                      0x08000297   Thumb Code     0  startup_stm32l432xx.o(.text)
    CAN1_SCE_IRQHandler                      0x08000297   Thumb Code     0  startup_stm32l432xx.o(.text)
    CAN1_TX_IRQHandler                       0x08000297   Thumb Code     0  startup_stm32l432xx.o(.text)
    COMP_IRQHandler                          0x08000297   Thumb Code     0  startup_stm32l432xx.o(.text)
    CRS_IRQHandler                           0x08000297   Thumb Code     0  startup_stm32l432xx.o(.text)
    DMA1_Channel1_IRQHandler                 0x08000297   Thumb Code     0  startup_stm32l432xx.o(.text)
    DMA1_Channel4_IRQHandler                 0x08000297   Thumb Code     0  startup_stm32l432xx.o(.text)
    DMA1_Channel5_IRQHandler                 0x08000297   Thumb Code     0  startup_stm32l432xx.o(.text)
    DMA1_Channel6_IRQHandler                 0x08000297   Thumb Code     0  startup_stm32l432xx.o(.text)
    DMA1_Channel7_IRQHandler                 0x08000297   Thumb Code     0  startup_stm32l432xx.o(.text)
    DMA2_Channel1_IRQHandler                 0x08000297   Thumb Code     0  startup_stm32l432xx.o(.text)
    DMA2_Channel2_IRQHandler                 0x08000297   Thumb Code     0  startup_stm32l432xx.o(.text)
    DMA2_Channel3_IRQHandler                 0x08000297   Thumb Code     0  startup_stm32l432xx.o(.text)
    DMA2_Channel4_IRQHandler                 0x08000297   Thumb Code     0  startup_stm32l432xx.o(.text)
    DMA2_Channel5_IRQHandler                 0x08000297   Thumb Code     0  startup_stm32l432xx.o(.text)
    DMA2_Channel6_IRQHandler                 0x08000297   Thumb Code     0  startup_stm32l432xx.o(.text)
    DMA2_Channel7_IRQHandler                 0x08000297   Thumb Code     0  startup_stm32l432xx.o(.text)
    EXTI0_IRQHandler                         0x08000297   Thumb Code     0  startup_stm32l432xx.o(.text)
    EXTI15_10_IRQHandler                     0x08000297   Thumb Code     0  startup_stm32l432xx.o(.text)
    EXTI1_IRQHandler                         0x08000297   Thumb Code     0  startup_stm32l432xx.o(.text)
    EXTI2_IRQHandler                         0x08000297   Thumb Code     0  startup_stm32l432xx.o(.text)
    EXTI3_IRQHandler                         0x08000297   Thumb Code     0  startup_stm32l432xx.o(.text)
    EXTI4_IRQHandler                         0x08000297   Thumb Code     0  startup_stm32l432xx.o(.text)
    EXTI9_5_IRQHandler                       0x08000297   Thumb Code     0  startup_stm32l432xx.o(.text)
    FLASH_IRQHandler                         0x08000297   Thumb Code     0  startup_stm32l432xx.o(.text)
    FPU_IRQHandler                           0x08000297   Thumb Code     0  startup_stm32l432xx.o(.text)
    I2C1_ER_IRQHandler                       0x08000297   Thumb Code     0  startup_stm32l432xx.o(.text)
    I2C1_EV_IRQHandler                       0x08000297   Thumb Code     0  startup_stm32l432xx.o(.text)
    I2C3_ER_IRQHandler                       0x08000297   Thumb Code     0  startup_stm32l432xx.o(.text)
    I2C3_EV_IRQHandler                       0x08000297   Thumb Code     0  startup_stm32l432xx.o(.text)
    LPTIM1_IRQHandler                        0x08000297   Thumb Code     0  startup_stm32l432xx.o(.text)
    LPTIM2_IRQHandler                        0x08000297   Thumb Code     0  startup_stm32l432xx.o(.text)
    LPUART1_IRQHandler                       0x08000297   Thumb Code     0  startup_stm32l432xx.o(.text)
    PVD_PVM_IRQHandler                       0x08000297   Thumb Code     0  startup_stm32l432xx.o(.text)
    QUADSPI_IRQHandler                       0x08000297   Thumb Code     0  startup_stm32l432xx.o(.text)
    RCC_IRQHandler                           0x08000297   Thumb Code     0  startup_stm32l432xx.o(.text)
    RNG_IRQHandler                           0x08000297   Thumb Code     0  startup_stm32l432xx.o(.text)
    RTC_Alarm_IRQHandler                     0x08000297   Thumb Code     0  startup_stm32l432xx.o(.text)
    RTC_WKUP_IRQHandler                      0x08000297   Thumb Code     0  startup_stm32l432xx.o(.text)
    SAI1_IRQHandler                          0x08000297   Thumb Code     0  startup_stm32l432xx.o(.text)
    SPI3_IRQHandler                          0x08000297   Thumb Code     0  startup_stm32l432xx.o(.text)
    SWPMI1_IRQHandler                        0x08000297   Thumb Code     0  startup_stm32l432xx.o(.text)
    TAMP_STAMP_IRQHandler                    0x08000297   Thumb Code     0  startup_stm32l432xx.o(.text)
    TIM1_BRK_TIM15_IRQHandler                0x08000297   Thumb Code     0  startup_stm32l432xx.o(.text)
    TIM1_CC_IRQHandler                       0x08000297   Thumb Code     0  startup_stm32l432xx.o(.text)
    TIM1_TRG_COM_IRQHandler                  0x08000297   Thumb Code     0  startup_stm32l432xx.o(.text)
    TIM1_UP_TIM16_IRQHandler                 0x08000297   Thumb Code     0  startup_stm32l432xx.o(.text)
    TIM6_DAC_IRQHandler                      0x08000297   Thumb Code     0  startup_stm32l432xx.o(.text)
    TIM7_IRQHandler                          0x08000297   Thumb Code     0  startup_stm32l432xx.o(.text)
    TSC_IRQHandler                           0x08000297   Thumb Code     0  startup_stm32l432xx.o(.text)
    USART2_IRQHandler                        0x08000297   Thumb Code     0  startup_stm32l432xx.o(.text)
    USB_IRQHandler                           0x08000297   Thumb Code     0  startup_stm32l432xx.o(.text)
    WWDG_IRQHandler                          0x08000297   Thumb Code     0  startup_stm32l432xx.o(.text)
    __aeabi_uldivmod                         0x080002a1   Thumb Code    98  uldiv.o(.text)
    __aeabi_memcpy                           0x08000309   Thumb Code    36  memcpya.o(.text)
    __aeabi_memcpy4                          0x08000309   Thumb Code     0  memcpya.o(.text)
    __aeabi_memcpy8                          0x08000309   Thumb Code     0  memcpya.o(.text)
    __aeabi_llsl                             0x0800032d   Thumb Code    30  llshl.o(.text)
    _ll_shift_l                              0x0800032d   Thumb Code     0  llshl.o(.text)
    __aeabi_llsr                             0x0800034b   Thumb Code    32  llushr.o(.text)
    _ll_ushift_r                             0x0800034b   Thumb Code     0  llushr.o(.text)
    __scatterload                            0x0800036d   Thumb Code    28  init.o(.text)
    __scatterload_rt2                        0x0800036d   Thumb Code     0  init.o(.text)
    ADS_Read_AD                              0x08000391   Thumb Code    64  touch.o(i.ADS_Read_AD)
    ADS_Read_XY                              0x080003d1   Thumb Code    94  touch.o(i.ADS_Read_XY)
    Address_Set                              0x0800042f   Thumb Code    90  lcd.o(i.Address_Set)
    BusFault_Handler                         0x08000489   Thumb Code     2  stm32l4xx_it.o(i.BusFault_Handler)
    Convert_Pos                              0x0800048d   Thumb Code    86  touch.o(i.Convert_Pos)
    DMA1_Channel2_IRQHandler                 0x080004e9   Thumb Code     6  stm32l4xx_it.o(i.DMA1_Channel2_IRQHandler)
    DMA1_Channel3_IRQHandler                 0x080004f5   Thumb Code     6  stm32l4xx_it.o(i.DMA1_Channel3_IRQHandler)
    DebugMon_Handler                         0x08000501   Thumb Code     2  stm32l4xx_it.o(i.DebugMon_Handler)
    Detect                                   0x08000503   Thumb Code    20  lcd.o(i.Detect)
    HAL_DMA_Abort_IT                         0x08000517   Thumb Code    78  stm32l4xx_hal_dma.o(i.HAL_DMA_Abort_IT)
    HAL_DMA_IRQHandler                       0x08000565   Thumb Code   186  stm32l4xx_hal_dma.o(i.HAL_DMA_IRQHandler)
    HAL_DMA_Init                             0x08000621   Thumb Code   178  stm32l4xx_hal_dma.o(i.HAL_DMA_Init)
    HAL_Delay                                0x080006e1   Thumb Code    28  stm32l4xx_hal.o(i.HAL_Delay)
    HAL_GPIO_Init                            0x080006fd   Thumb Code   376  stm32l4xx_hal_gpio.o(i.HAL_GPIO_Init)
    HAL_GPIO_ReadPin                         0x0800088f   Thumb Code    10  stm32l4xx_hal_gpio.o(i.HAL_GPIO_ReadPin)
    HAL_GPIO_WritePin                        0x08000899   Thumb Code    10  stm32l4xx_hal_gpio.o(i.HAL_GPIO_WritePin)
    HAL_GetTick                              0x080008a5   Thumb Code     6  stm32l4xx_hal.o(i.HAL_GetTick)
    HAL_IncTick                              0x080008b1   Thumb Code    10  stm32l4xx_hal.o(i.HAL_IncTick)
    HAL_Init                                 0x080008c1   Thumb Code    22  stm32l4xx_hal.o(i.HAL_Init)
    HAL_InitTick                             0x080008d9   Thumb Code    34  stm32l4xx_hal.o(i.HAL_InitTick)
    HAL_MspInit                              0x08000901   Thumb Code   122  stm32l4xx_hal_msp.o(i.HAL_MspInit)
    HAL_NVIC_EnableIRQ                       0x08000981   Thumb Code    22  stm32l4xx_hal_cortex.o(i.HAL_NVIC_EnableIRQ)
    HAL_NVIC_SetPriority                     0x08000999   Thumb Code    60  stm32l4xx_hal_cortex.o(i.HAL_NVIC_SetPriority)
    HAL_NVIC_SetPriorityGrouping             0x080009d9   Thumb Code    26  stm32l4xx_hal_cortex.o(i.HAL_NVIC_SetPriorityGrouping)
    HAL_PWREx_ControlVoltageScaling          0x080009fd   Thumb Code    86  stm32l4xx_hal_pwr_ex.o(i.HAL_PWREx_ControlVoltageScaling)
    HAL_PWREx_GetVoltageRange                0x08000a61   Thumb Code    10  stm32l4xx_hal_pwr_ex.o(i.HAL_PWREx_GetVoltageRange)
    HAL_RCC_ClockConfig                      0x08000a71   Thumb Code   260  stm32l4xx_hal_rcc.o(i.HAL_RCC_ClockConfig)
    HAL_RCC_GetHCLKFreq                      0x08000b85   Thumb Code     6  stm32l4xx_hal_rcc.o(i.HAL_RCC_GetHCLKFreq)
    HAL_RCC_GetPCLK1Freq                     0x08000b91   Thumb Code    20  stm32l4xx_hal_rcc.o(i.HAL_RCC_GetPCLK1Freq)
    HAL_RCC_GetPCLK2Freq                     0x08000bb1   Thumb Code    20  stm32l4xx_hal_rcc.o(i.HAL_RCC_GetPCLK2Freq)
    HAL_RCC_GetSysClockFreq                  0x08000bd1   Thumb Code   182  stm32l4xx_hal_rcc.o(i.HAL_RCC_GetSysClockFreq)
    HAL_RCC_OscConfig                        0x08000c95   Thumb Code  1198  stm32l4xx_hal_rcc.o(i.HAL_RCC_OscConfig)
    HAL_SPI_ErrorCallback                    0x08001149   Thumb Code     2  stm32l4xx_hal_spi.o(i.HAL_SPI_ErrorCallback)
    HAL_SPI_IRQHandler                       0x0800114d   Thumb Code   212  stm32l4xx_hal_spi.o(i.HAL_SPI_IRQHandler)
    HAL_SPI_Init                             0x08001225   Thumb Code   172  stm32l4xx_hal_spi.o(i.HAL_SPI_Init)
    HAL_SPI_MspInit                          0x080012d1   Thumb Code   180  stm32l4xx_hal_msp.o(i.HAL_SPI_MspInit)
    HAL_SYSTICK_CLKSourceConfig              0x080013b5   Thumb Code    24  stm32l4xx_hal_cortex.o(i.HAL_SYSTICK_CLKSourceConfig)
    HAL_SYSTICK_Callback                     0x080013cd   Thumb Code     2  stm32l4xx_hal_cortex.o(i.HAL_SYSTICK_Callback)
    HAL_SYSTICK_Config                       0x080013cf   Thumb Code    40  stm32l4xx_hal_cortex.o(i.HAL_SYSTICK_Config)
    HAL_SYSTICK_IRQHandler                   0x080013f7   Thumb Code     8  stm32l4xx_hal_cortex.o(i.HAL_SYSTICK_IRQHandler)
    HAL_TIMEx_Break2Callback                 0x080013ff   Thumb Code     2  stm32l4xx_hal_tim_ex.o(i.HAL_TIMEx_Break2Callback)
    HAL_TIMEx_BreakCallback                  0x08001401   Thumb Code     2  stm32l4xx_hal_tim_ex.o(i.HAL_TIMEx_BreakCallback)
    HAL_TIMEx_CommutationCallback            0x08001403   Thumb Code     2  stm32l4xx_hal_tim_ex.o(i.HAL_TIMEx_CommutationCallback)
    HAL_TIMEx_ConfigBreakDeadTime            0x08001405   Thumb Code   126  stm32l4xx_hal_tim_ex.o(i.HAL_TIMEx_ConfigBreakDeadTime)
    HAL_TIMEx_MasterConfigSynchronization    0x08001489   Thumb Code    82  stm32l4xx_hal_tim_ex.o(i.HAL_TIMEx_MasterConfigSynchronization)
    HAL_TIM_Base_Init                        0x080014e1   Thumb Code    54  stm32l4xx_hal_tim.o(i.HAL_TIM_Base_Init)
    HAL_TIM_Base_MspInit                     0x08001519   Thumb Code    52  stm32l4xx_hal_msp.o(i.HAL_TIM_Base_MspInit)
    HAL_TIM_Base_Start_IT                    0x08001555   Thumb Code    44  stm32l4xx_hal_tim.o(i.HAL_TIM_Base_Start_IT)
    HAL_TIM_ConfigClockSource                0x08001585   Thumb Code   230  stm32l4xx_hal_tim.o(i.HAL_TIM_ConfigClockSource)
    HAL_TIM_IC_CaptureCallback               0x08001671   Thumb Code     2  stm32l4xx_hal_tim.o(i.HAL_TIM_IC_CaptureCallback)
    HAL_TIM_IRQHandler                       0x08001673   Thumb Code   388  stm32l4xx_hal_tim.o(i.HAL_TIM_IRQHandler)
    HAL_TIM_MspPostInit                      0x080017f9   Thumb Code    44  stm32l4xx_hal_msp.o(i.HAL_TIM_MspPostInit)
    HAL_TIM_OC_DelayElapsedCallback          0x08001829   Thumb Code     2  stm32l4xx_hal_tim.o(i.HAL_TIM_OC_DelayElapsedCallback)
    HAL_TIM_PWM_ConfigChannel                0x0800182b   Thumb Code   296  stm32l4xx_hal_tim.o(i.HAL_TIM_PWM_ConfigChannel)
    HAL_TIM_PWM_Init                         0x08001953   Thumb Code    54  stm32l4xx_hal_tim.o(i.HAL_TIM_PWM_Init)
    HAL_TIM_PWM_MspInit                      0x08001989   Thumb Code     2  stm32l4xx_hal_tim.o(i.HAL_TIM_PWM_MspInit)
    HAL_TIM_PWM_PulseFinishedCallback        0x0800198b   Thumb Code     2  stm32l4xx_hal_tim.o(i.HAL_TIM_PWM_PulseFinishedCallback)
    HAL_TIM_PWM_Start                        0x0800198d   Thumb Code    74  stm32l4xx_hal_tim.o(i.HAL_TIM_PWM_Start)
    HAL_TIM_PeriodElapsedCallback            0x080019e9   Thumb Code     2  main.o(i.HAL_TIM_PeriodElapsedCallback)
    HAL_TIM_TriggerCallback                  0x080019eb   Thumb Code     2  stm32l4xx_hal_tim.o(i.HAL_TIM_TriggerCallback)
    HAL_UARTEx_WakeupCallback                0x080019ed   Thumb Code     2  stm32l4xx_hal_uart_ex.o(i.HAL_UARTEx_WakeupCallback)
    HAL_UART_ErrorCallback                   0x080019ef   Thumb Code     2  stm32l4xx_hal_uart.o(i.HAL_UART_ErrorCallback)
    HAL_UART_IRQHandler                      0x080019f1   Thumb Code   320  stm32l4xx_hal_uart.o(i.HAL_UART_IRQHandler)
    HAL_UART_Init                            0x08001b35   Thumb Code   106  stm32l4xx_hal_uart.o(i.HAL_UART_Init)
    HAL_UART_MspInit                         0x08001ba1   Thumb Code    82  stm32l4xx_hal_msp.o(i.HAL_UART_MspInit)
    HAL_UART_TxCpltCallback                  0x08001bfd   Thumb Code     2  stm32l4xx_hal_uart.o(i.HAL_UART_TxCpltCallback)
    HardFault_Handler                        0x08001bff   Thumb Code     2  stm32l4xx_it.o(i.HardFault_Handler)
    LCD_Clear                                0x08001c01   Thumb Code    96  lcd.o(i.LCD_Clear)
    LCD_Init                                 0x08001c65   Thumb Code   654  lcd.o(i.LCD_Init)
    LCD_ShowImage                            0x08001efd   Thumb Code   206  lcd.o(i.LCD_ShowImage)
    LCD_ShowNum_32                           0x08001fe9   Thumb Code    78  lcd.o(i.LCD_ShowNum_32)
    LCD_ShowSinogram_16                      0x08002041   Thumb Code    80  lcd.o(i.LCD_ShowSinogram_16)
    LCD_ShowSinogram_32                      0x08002099   Thumb Code    80  lcd.o(i.LCD_ShowSinogram_32)
    LCD_WR_DATA                              0x080020f1   Thumb Code    56  lcd.o(i.LCD_WR_DATA)
    LCD_WR_DATA8                             0x08002129   Thumb Code    48  lcd.o(i.LCD_WR_DATA8)
    LCD_WR_REG                               0x08002159   Thumb Code    48  lcd.o(i.LCD_WR_REG)
    LCD_Writ_Bus                             0x08002189   Thumb Code    62  lcd.o(i.LCD_Writ_Bus)
    MemManage_Handler                        0x08002349   Thumb Code     2  stm32l4xx_it.o(i.MemManage_Handler)
    NMI_Handler                              0x0800234b   Thumb Code     2  stm32l4xx_it.o(i.NMI_Handler)
    Point                                    0x0800236d   Thumb Code   314  touch.o(i.Point)
    ReadFromCharFrom7843                     0x08002545   Thumb Code    58  touch.o(i.ReadFromCharFrom7843)
    Read_ADS                                 0x0800257f   Thumb Code    40  touch.o(i.Read_ADS)
    Read_ADS2                                0x080025a7   Thumb Code   110  touch.o(i.Read_ADS2)
    SET_MODE                                 0x08002615   Thumb Code   364  touch.o(i.SET_MODE)
    SPI1_IRQHandler                          0x08002785   Thumb Code     6  stm32l4xx_it.o(i.SPI1_IRQHandler)
    StartDefaultTask                         0x080027a3   Thumb Code     8  main.o(i.StartDefaultTask)
    SysTick_Handler                          0x080027ab   Thumb Code    14  stm32l4xx_it.o(i.SysTick_Handler)
    SystemClock_Config                       0x080027b9   Thumb Code   120  main.o(i.SystemClock_Config)
    SystemInit                               0x08002831   Thumb Code    56  system_stm32l4xx.o(i.SystemInit)
    TIM2_IRQHandler                          0x08002875   Thumb Code     6  stm32l4xx_it.o(i.TIM2_IRQHandler)
    TIM_Base_SetConfig                       0x08002881   Thumb Code    94  stm32l4xx_hal_tim.o(i.TIM_Base_SetConfig)
    TIM_CCxChannelCmd                        0x080028ed   Thumb Code    26  stm32l4xx_hal_tim.o(i.TIM_CCxChannelCmd)
    TIM_ETR_SetConfig                        0x08002907   Thumb Code    20  stm32l4xx_hal_tim.o(i.TIM_ETR_SetConfig)
    TIM_OC2_SetConfig                        0x080029a5   Thumb Code   102  stm32l4xx_hal_tim.o(i.TIM_OC2_SetConfig)
    TP_Init                                  0x08002bf1   Thumb Code    72  touch.o(i.TP_Init)
    Touch_Init                               0x08002c3d   Thumb Code    50  touch.o(i.Touch_Init)
    UART_AdvFeatureConfig                    0x08002c6f   Thumb Code   200  stm32l4xx_hal_uart.o(i.UART_AdvFeatureConfig)
    UART_CheckIdleState                      0x08002d37   Thumb Code    92  stm32l4xx_hal_uart.o(i.UART_CheckIdleState)
    UART_SetConfig                           0x08002dc9   Thumb Code   526  stm32l4xx_hal_uart.o(i.UART_SetConfig)
    UART_WaitOnFlagUntilTimeout              0x08002ffd   Thumb Code   100  stm32l4xx_hal_uart.o(i.UART_WaitOnFlagUntilTimeout)
    USART1_IRQHandler                        0x08003061   Thumb Code     6  stm32l4xx_it.o(i.USART1_IRQHandler)
    UsageFault_Handler                       0x0800306d   Thumb Code     2  stm32l4xx_it.o(i.UsageFault_Handler)
    WriteCharTo7843                          0x0800306f   Thumb Code    72  touch.o(i.WriteCharTo7843)
    _Error_Handler                           0x080030b7   Thumb Code     2  main.o(i._Error_Handler)
    __scatterload_copy                       0x080030b9   Thumb Code    14  handlers.o(i.__scatterload_copy)
    __scatterload_null                       0x080030c7   Thumb Code     2  handlers.o(i.__scatterload_null)
    __scatterload_zeroinit                   0x080030c9   Thumb Code    14  handlers.o(i.__scatterload_zeroinit)
    main                                     0x080030d9   Thumb Code   316  main.o(i.main)
    osDelay                                  0x0800323d   Thumb Code    14  cmsis_os.o(i.osDelay)
    osKernelStart                            0x0800324b   Thumb Code    10  cmsis_os.o(i.osKernelStart)
    osThreadCreate                           0x08003255   Thumb Code    46  cmsis_os.o(i.osThreadCreate)
    pvPortMalloc                             0x080035bd   Thumb Code   210  heap_4.o(i.pvPortMalloc)
    pxPortInitialiseStack                    0x08003695   Thumb Code    40  port.o(i.pxPortInitialiseStack)
    tpstate                                  0x080036c1   Thumb Code    10  touch.o(i.tpstate)
    uxListRemove                             0x080036cb   Thumb Code    36  list.o(i.uxListRemove)
    vListInitialise                          0x080036ef   Thumb Code    22  list.o(i.vListInitialise)
    vListInitialiseItem                      0x08003705   Thumb Code     6  list.o(i.vListInitialiseItem)
    vListInsert                              0x0800370b   Thumb Code    48  list.o(i.vListInsert)
    vListInsertEnd                           0x0800373b   Thumb Code    24  list.o(i.vListInsertEnd)
    vPortEnterCritical                       0x08003755   Thumb Code    54  port.o(i.vPortEnterCritical)
    vPortExitCritical                        0x08003795   Thumb Code    34  port.o(i.vPortExitCritical)
    vPortFree                                0x080037bd   Thumb Code    88  heap_4.o(i.vPortFree)
    vPortSetupTimerInterrupt                 0x08003819   Thumb Code    26  port.o(i.vPortSetupTimerInterrupt)
    vTaskDelay                               0x08003839   Thumb Code    66  tasks.o(i.vTaskDelay)
    vTaskStartScheduler                      0x08003885   Thumb Code    86  tasks.o(i.vTaskStartScheduler)
    vTaskSuspendAll                          0x080038ed   Thumb Code    10  tasks.o(i.vTaskSuspendAll)
    vTaskSwitchContext                       0x080038fd   Thumb Code    82  tasks.o(i.vTaskSwitchContext)
    xPortStartScheduler                      0x08003959   Thumb Code   202  port.o(i.xPortStartScheduler)
    xTaskCreate                              0x08003a39   Thumb Code    86  tasks.o(i.xTaskCreate)
    xTaskIncrementTick                       0x08003a95   Thumb Code   192  tasks.o(i.xTaskIncrementTick)
    xTaskResumeAll                           0x08003b5d   Thumb Code   182  tasks.o(i.xTaskResumeAll)
    gImage_Mode_SetTemp                      0x08003c20   Data       153600  main.o(.constdata)
    AHBPrescTable                            0x08029434   Data          16  system_stm32l4xx.o(.constdata)
    MSIRangeTable                            0x08029444   Data          48  system_stm32l4xx.o(.constdata)
    APBPrescTable                            0x08029474   Data           8  system_stm32l4xx.o(.constdata)
    Icon_Library                             0x0802947c   Data         840  lcd.o(.constdata)
    Font_Library_16                          0x080297c4   Data         128  lcd.o(.constdata)
    Num_Library                              0x08029844   Data       10240  lcd.o(.constdata)
    Font_Library_32                          0x0802c044   Data        1408  lcd.o(.constdata)
    asc2_1608                                0x0802c5c4   Data        1520  lcd.o(.constdata)
    Region$$Table$$Base                      0x0802cbc0   Number         0  anon$$obj.o(Region$$Table)
    Region$$Table$$Limit                     0x0802cbe0   Number         0  anon$$obj.o(Region$$Table)
    defaultTaskHandle                        0x20000000   Data           4  main.o(.data)
    uwTick                                   0x20000004   Data           4  stm32l4xx_hal.o(.data)
    SystemCoreClock                          0x20000008   Data           4  system_stm32l4xx.o(.data)
    vx                                       0x20000010   Data           4  touch.o(.data)
    vy                                       0x20000014   Data           4  touch.o(.data)
    chx                                      0x20000018   Data           4  touch.o(.data)
    chy                                      0x2000001c   Data           4  touch.o(.data)
    tp_pixad                                 0x20000020   Data           8  touch.o(.data)
    tp_pixlcd                                0x20000028   Data           8  touch.o(.data)
    ref                                      0x20000030   Data           1  lcd.o(.data)
    BACK_COLOR                               0x20000034   Data           4  lcd.o(.data)
    POINT_COLOR                              0x20000038   Data           4  lcd.o(.data)
    pxCurrentTCB                             0x2000003c   Data           4  tasks.o(.data)
    hspi1                                    0x2000009c   Data         100  main.o(.bss)
    htim1                                    0x20000100   Data          64  main.o(.bss)
    htim2                                    0x20000140   Data          64  main.o(.bss)
    huart1                                   0x20000180   Data         120  main.o(.bss)
    hdma_spi1_tx                             0x200001f8   Data          72  main.o(.bss)
    hdma_spi1_rx                             0x20000240   Data          72  main.o(.bss)
    __initial_sp                             0x20001330   Data           0  startup_stm32l432xx.o(STACK)



==============================================================================

Memory Map of the image

  Image Entry point : 0x0800018d

  Load Region LR_IROM1 (Base: 0x08000000, Size: 0x0002cc7c, Max: 0x00040000, ABSOLUTE)

    Execution Region ER_IROM1 (Base: 0x08000000, Size: 0x0002cbe0, Max: 0x00040000, ABSOLUTE)

    Base Addr    Size         Type   Attr      Idx    E Section Name        Object

    0x08000000   0x0000018c   Data   RO            3    RESET               startup_stm32l432xx.o
    0x0800018c   0x00000000   Code   RO         5368  * .ARM.Collect$$$$00000000  mc_w.l(entry.o)
    0x0800018c   0x00000004   Code   RO         5377    .ARM.Collect$$$$00000001  mc_w.l(entry2.o)
    0x08000190   0x00000004   Code   RO         5380    .ARM.Collect$$$$00000004  mc_w.l(entry5.o)
    0x08000194   0x00000000   Code   RO         5382    .ARM.Collect$$$$00000008  mc_w.l(entry7b.o)
    0x08000194   0x00000000   Code   RO         5384    .ARM.Collect$$$$0000000A  mc_w.l(entry8b.o)
    0x08000194   0x00000008   Code   RO         5385    .ARM.Collect$$$$0000000B  mc_w.l(entry9a.o)
    0x0800019c   0x00000000   Code   RO         5387    .ARM.Collect$$$$0000000D  mc_w.l(entry10a.o)
    0x0800019c   0x00000000   Code   RO         5389    .ARM.Collect$$$$0000000F  mc_w.l(entry11a.o)
    0x0800019c   0x00000004   Code   RO         5378    .ARM.Collect$$$$00002712  mc_w.l(entry2.o)
    0x080001a0   0x000000da   Code   RO         4914    .emb_text           port.o
    0x0800027a   0x00000002   PAD
    0x0800027c   0x00000024   Code   RO            4    .text               startup_stm32l432xx.o
    0x080002a0   0x00000068   Code   RO         5371    .text               mc_w.l(uldiv.o)
    0x08000308   0x00000024   Code   RO         5373    .text               mc_w.l(memcpya.o)
    0x0800032c   0x0000001e   Code   RO         5391    .text               mc_w.l(llshl.o)
    0x0800034a   0x00000020   Code   RO         5393    .text               mc_w.l(llushr.o)
    0x0800036a   0x00000002   PAD
    0x0800036c   0x00000024   Code   RO         5395    .text               mc_w.l(init.o)
    0x08000390   0x00000040   Code   RO         3962    i.ADS_Read_AD       touch.o
    0x080003d0   0x0000005e   Code   RO         3963    i.ADS_Read_XY       touch.o
    0x0800042e   0x0000005a   Code   RO         4083    i.Address_Set       lcd.o
    0x08000488   0x00000002   Code   RO          261    i.BusFault_Handler  stm32l4xx_it.o
    0x0800048a   0x00000002   PAD
    0x0800048c   0x0000005c   Code   RO         3964    i.Convert_Pos       touch.o
    0x080004e8   0x0000000c   Code   RO          262    i.DMA1_Channel2_IRQHandler  stm32l4xx_it.o
    0x080004f4   0x0000000c   Code   RO          263    i.DMA1_Channel3_IRQHandler  stm32l4xx_it.o
    0x08000500   0x00000002   Code   RO          264    i.DebugMon_Handler  stm32l4xx_it.o
    0x08000502   0x00000014   Code   RO         4084    i.Detect            lcd.o
    0x08000516   0x0000004e   Code   RO         2575    i.HAL_DMA_Abort_IT  stm32l4xx_hal_dma.o
    0x08000564   0x000000ba   Code   RO         2579    i.HAL_DMA_IRQHandler  stm32l4xx_hal_dma.o
    0x0800061e   0x00000002   PAD
    0x08000620   0x000000c0   Code   RO         2580    i.HAL_DMA_Init      stm32l4xx_hal_dma.o
    0x080006e0   0x0000001c   Code   RO         1343    i.HAL_Delay         stm32l4xx_hal.o
    0x080006fc   0x00000192   Code   RO         2510    i.HAL_GPIO_Init     stm32l4xx_hal_gpio.o
    0x0800088e   0x0000000a   Code   RO         2512    i.HAL_GPIO_ReadPin  stm32l4xx_hal_gpio.o
    0x08000898   0x0000000a   Code   RO         2514    i.HAL_GPIO_WritePin  stm32l4xx_hal_gpio.o
    0x080008a2   0x00000002   PAD
    0x080008a4   0x0000000c   Code   RO         1347    i.HAL_GetTick       stm32l4xx_hal.o
    0x080008b0   0x00000010   Code   RO         1351    i.HAL_IncTick       stm32l4xx_hal.o
    0x080008c0   0x00000016   Code   RO         1352    i.HAL_Init          stm32l4xx_hal.o
    0x080008d6   0x00000002   PAD
    0x080008d8   0x00000028   Code   RO         1353    i.HAL_InitTick      stm32l4xx_hal.o
    0x08000900   0x00000080   Code   RO          355    i.HAL_MspInit       stm32l4xx_hal_msp.o
    0x08000980   0x00000016   Code   RO         3003    i.HAL_NVIC_EnableIRQ  stm32l4xx_hal_cortex.o
    0x08000996   0x00000002   PAD
    0x08000998   0x00000040   Code   RO         3009    i.HAL_NVIC_SetPriority  stm32l4xx_hal_cortex.o
    0x080009d8   0x00000024   Code   RO         3010    i.HAL_NVIC_SetPriorityGrouping  stm32l4xx_hal_cortex.o
    0x080009fc   0x00000064   Code   RO         2801    i.HAL_PWREx_ControlVoltageScaling  stm32l4xx_hal_pwr_ex.o
    0x08000a60   0x00000010   Code   RO         2826    i.HAL_PWREx_GetVoltageRange  stm32l4xx_hal_pwr_ex.o
    0x08000a70   0x00000114   Code   RO         2031    i.HAL_RCC_ClockConfig  stm32l4xx_hal_rcc.o
    0x08000b84   0x0000000c   Code   RO         2035    i.HAL_RCC_GetHCLKFreq  stm32l4xx_hal_rcc.o
    0x08000b90   0x00000020   Code   RO         2037    i.HAL_RCC_GetPCLK1Freq  stm32l4xx_hal_rcc.o
    0x08000bb0   0x00000020   Code   RO         2038    i.HAL_RCC_GetPCLK2Freq  stm32l4xx_hal_rcc.o
    0x08000bd0   0x000000c4   Code   RO         2039    i.HAL_RCC_GetSysClockFreq  stm32l4xx_hal_rcc.o
    0x08000c94   0x000004b4   Code   RO         2042    i.HAL_RCC_OscConfig  stm32l4xx_hal_rcc.o
    0x08001148   0x00000002   Code   RO         3158    i.HAL_SPI_ErrorCallback  stm32l4xx_hal_spi.o
    0x0800114a   0x00000002   PAD
    0x0800114c   0x000000d8   Code   RO         3161    i.HAL_SPI_IRQHandler  stm32l4xx_hal_spi.o
    0x08001224   0x000000ac   Code   RO         3162    i.HAL_SPI_Init      stm32l4xx_hal_spi.o
    0x080012d0   0x000000e4   Code   RO          357    i.HAL_SPI_MspInit   stm32l4xx_hal_msp.o
    0x080013b4   0x00000018   Code   RO         3012    i.HAL_SYSTICK_CLKSourceConfig  stm32l4xx_hal_cortex.o
    0x080013cc   0x00000002   Code   RO         3013    i.HAL_SYSTICK_Callback  stm32l4xx_hal_cortex.o
    0x080013ce   0x00000028   Code   RO         3014    i.HAL_SYSTICK_Config  stm32l4xx_hal_cortex.o
    0x080013f6   0x00000008   Code   RO         3015    i.HAL_SYSTICK_IRQHandler  stm32l4xx_hal_cortex.o
    0x080013fe   0x00000002   Code   RO         1079    i.HAL_TIMEx_Break2Callback  stm32l4xx_hal_tim_ex.o
    0x08001400   0x00000002   Code   RO         1080    i.HAL_TIMEx_BreakCallback  stm32l4xx_hal_tim_ex.o
    0x08001402   0x00000002   Code   RO         1081    i.HAL_TIMEx_CommutationCallback  stm32l4xx_hal_tim_ex.o
    0x08001404   0x00000084   Code   RO         1082    i.HAL_TIMEx_ConfigBreakDeadTime  stm32l4xx_hal_tim_ex.o
    0x08001488   0x00000058   Code   RO         1099    i.HAL_TIMEx_MasterConfigSynchronization  stm32l4xx_hal_tim_ex.o
    0x080014e0   0x00000036   Code   RO          440    i.HAL_TIM_Base_Init  stm32l4xx_hal_tim.o
    0x08001516   0x00000002   PAD
    0x08001518   0x0000003c   Code   RO          359    i.HAL_TIM_Base_MspInit  stm32l4xx_hal_msp.o
    0x08001554   0x00000030   Code   RO          445    i.HAL_TIM_Base_Start_IT  stm32l4xx_hal_tim.o
    0x08001584   0x000000ec   Code   RO          449    i.HAL_TIM_ConfigClockSource  stm32l4xx_hal_tim.o
    0x08001670   0x00000002   Code   RO          469    i.HAL_TIM_IC_CaptureCallback  stm32l4xx_hal_tim.o
    0x08001672   0x00000184   Code   RO          482    i.HAL_TIM_IRQHandler  stm32l4xx_hal_tim.o
    0x080017f6   0x00000002   PAD
    0x080017f8   0x00000030   Code   RO          360    i.HAL_TIM_MspPostInit  stm32l4xx_hal_msp.o
    0x08001828   0x00000002   Code   RO          485    i.HAL_TIM_OC_DelayElapsedCallback  stm32l4xx_hal_tim.o
    0x0800182a   0x00000128   Code   RO          506    i.HAL_TIM_PWM_ConfigChannel  stm32l4xx_hal_tim.o
    0x08001952   0x00000036   Code   RO          509    i.HAL_TIM_PWM_Init  stm32l4xx_hal_tim.o
    0x08001988   0x00000002   Code   RO          511    i.HAL_TIM_PWM_MspInit  stm32l4xx_hal_tim.o
    0x0800198a   0x00000002   Code   RO          512    i.HAL_TIM_PWM_PulseFinishedCallback  stm32l4xx_hal_tim.o
    0x0800198c   0x0000005c   Code   RO          513    i.HAL_TIM_PWM_Start  stm32l4xx_hal_tim.o
    0x080019e8   0x00000002   Code   RO           13    i.HAL_TIM_PeriodElapsedCallback  main.o
    0x080019ea   0x00000002   Code   RO          523    i.HAL_TIM_TriggerCallback  stm32l4xx_hal_tim.o
    0x080019ec   0x00000002   Code   RO         3509    i.HAL_UARTEx_WakeupCallback  stm32l4xx_hal_uart_ex.o
    0x080019ee   0x00000002   Code   RO         3590    i.HAL_UART_ErrorCallback  stm32l4xx_hal_uart.o
    0x080019f0   0x00000144   Code   RO         3593    i.HAL_UART_IRQHandler  stm32l4xx_hal_uart.o
    0x08001b34   0x0000006a   Code   RO         3594    i.HAL_UART_Init     stm32l4xx_hal_uart.o
    0x08001b9e   0x00000002   PAD
    0x08001ba0   0x0000005c   Code   RO          362    i.HAL_UART_MspInit  stm32l4xx_hal_msp.o
    0x08001bfc   0x00000002   Code   RO         3605    i.HAL_UART_TxCpltCallback  stm32l4xx_hal_uart.o
    0x08001bfe   0x00000002   Code   RO          265    i.HardFault_Handler  stm32l4xx_it.o
    0x08001c00   0x00000064   Code   RO         4087    i.LCD_Clear         lcd.o
    0x08001c64   0x00000298   Code   RO         4092    i.LCD_Init          lcd.o
    0x08001efc   0x000000ec   Code   RO         4099    i.LCD_ShowImage     lcd.o
    0x08001fe8   0x00000058   Code   RO         4101    i.LCD_ShowNum_32    lcd.o
    0x08002040   0x00000058   Code   RO         4102    i.LCD_ShowSinogram_16  lcd.o
    0x08002098   0x00000058   Code   RO         4103    i.LCD_ShowSinogram_32  lcd.o
    0x080020f0   0x00000038   Code   RO         4106    i.LCD_WR_DATA       lcd.o
    0x08002128   0x00000030   Code   RO         4107    i.LCD_WR_DATA8      lcd.o
    0x08002158   0x00000030   Code   RO         4108    i.LCD_WR_REG        lcd.o
    0x08002188   0x0000003e   Code   RO         4110    i.LCD_Writ_Bus      lcd.o
    0x080021c6   0x00000002   PAD
    0x080021c8   0x00000048   Code   RO           14    i.MX_SPI1_Init      main.o
    0x08002210   0x000000ac   Code   RO           15    i.MX_TIM1_Init      main.o
    0x080022bc   0x00000054   Code   RO           16    i.MX_TIM2_Init      main.o
    0x08002310   0x00000038   Code   RO           17    i.MX_USART1_UART_Init  main.o
    0x08002348   0x00000002   Code   RO          266    i.MemManage_Handler  stm32l4xx_it.o
    0x0800234a   0x00000002   Code   RO          267    i.NMI_Handler       stm32l4xx_it.o
    0x0800234c   0x00000020   Code   RO         3016    i.NVIC_SetPriority  stm32l4xx_hal_cortex.o
    0x0800236c   0x0000015c   Code   RO         3966    i.Point             touch.o
    0x080024c8   0x0000007c   Code   RO         2043    i.RCC_SetFlashLatencyFromMSIRange  stm32l4xx_hal_rcc.o
    0x08002544   0x0000003a   Code   RO         3967    i.ReadFromCharFrom7843  touch.o
    0x0800257e   0x00000028   Code   RO         3968    i.Read_ADS          touch.o
    0x080025a6   0x0000006e   Code   RO         3969    i.Read_ADS2         touch.o
    0x08002614   0x00000170   Code   RO         3971    i.SET_MODE          touch.o
    0x08002784   0x0000000c   Code   RO          268    i.SPI1_IRQHandler   stm32l4xx_it.o
    0x08002790   0x00000012   Code   RO         3189    i.SPI_DMAAbortOnError  stm32l4xx_hal_spi.o
    0x080027a2   0x00000008   Code   RO           18    i.StartDefaultTask  main.o
    0x080027aa   0x0000000e   Code   RO          269    i.SysTick_Handler   stm32l4xx_it.o
    0x080027b8   0x00000078   Code   RO           19    i.SystemClock_Config  main.o
    0x08002830   0x00000044   Code   RO         3925    i.SystemInit        system_stm32l4xx.o
    0x08002874   0x0000000c   Code   RO          270    i.TIM2_IRQHandler   stm32l4xx_it.o
    0x08002880   0x0000006c   Code   RO          524    i.TIM_Base_SetConfig  stm32l4xx_hal_tim.o
    0x080028ec   0x0000001a   Code   RO          525    i.TIM_CCxChannelCmd  stm32l4xx_hal_tim.o
    0x08002906   0x00000014   Code   RO          531    i.TIM_ETR_SetConfig  stm32l4xx_hal_tim.o
    0x0800291a   0x00000010   Code   RO          532    i.TIM_ITRx_SetConfig  stm32l4xx_hal_tim.o
    0x0800292a   0x00000002   PAD
    0x0800292c   0x00000078   Code   RO          533    i.TIM_OC1_SetConfig  stm32l4xx_hal_tim.o
    0x080029a4   0x00000078   Code   RO          534    i.TIM_OC2_SetConfig  stm32l4xx_hal_tim.o
    0x08002a1c   0x00000074   Code   RO          535    i.TIM_OC3_SetConfig  stm32l4xx_hal_tim.o
    0x08002a90   0x00000060   Code   RO          536    i.TIM_OC4_SetConfig  stm32l4xx_hal_tim.o
    0x08002af0   0x0000005c   Code   RO          537    i.TIM_OC5_SetConfig  stm32l4xx_hal_tim.o
    0x08002b4c   0x0000005c   Code   RO          538    i.TIM_OC6_SetConfig  stm32l4xx_hal_tim.o
    0x08002ba8   0x00000022   Code   RO          540    i.TIM_TI1_ConfigInputStage  stm32l4xx_hal_tim.o
    0x08002bca   0x00000024   Code   RO          542    i.TIM_TI2_ConfigInputStage  stm32l4xx_hal_tim.o
    0x08002bee   0x00000002   PAD
    0x08002bf0   0x0000004c   Code   RO         3972    i.TP_Init           touch.o
    0x08002c3c   0x00000032   Code   RO         3974    i.Touch_Init        touch.o
    0x08002c6e   0x000000c8   Code   RO         3607    i.UART_AdvFeatureConfig  stm32l4xx_hal_uart.o
    0x08002d36   0x0000005c   Code   RO         3608    i.UART_CheckIdleState  stm32l4xx_hal_uart.o
    0x08002d92   0x00000014   Code   RO         3609    i.UART_DMAAbortOnError  stm32l4xx_hal_uart.o
    0x08002da6   0x00000020   Code   RO         3619    i.UART_EndRxTransfer  stm32l4xx_hal_uart.o
    0x08002dc6   0x00000002   PAD
    0x08002dc8   0x00000234   Code   RO         3623    i.UART_SetConfig    stm32l4xx_hal_uart.o
    0x08002ffc   0x00000064   Code   RO         3626    i.UART_WaitOnFlagUntilTimeout  stm32l4xx_hal_uart.o
    0x08003060   0x0000000c   Code   RO          271    i.USART1_IRQHandler  stm32l4xx_it.o
    0x0800306c   0x00000002   Code   RO          272    i.UsageFault_Handler  stm32l4xx_it.o
    0x0800306e   0x00000048   Code   RO         3975    i.WriteCharTo7843   touch.o
    0x080030b6   0x00000002   Code   RO           20    i._Error_Handler    main.o
    0x080030b8   0x0000000e   Code   RO         5399    i.__scatterload_copy  mc_w.l(handlers.o)
    0x080030c6   0x00000002   Code   RO         5400    i.__scatterload_null  mc_w.l(handlers.o)
    0x080030c8   0x0000000e   Code   RO         5401    i.__scatterload_zeroinit  mc_w.l(handlers.o)
    0x080030d6   0x00000002   PAD
    0x080030d8   0x00000158   Code   RO           21    i.main              main.o
    0x08003230   0x0000000c   Code   RO         4995    i.makeFreeRtosPriority  cmsis_os.o
    0x0800323c   0x0000000e   Code   RO         4997    i.osDelay           cmsis_os.o
    0x0800324a   0x0000000a   Code   RO         5000    i.osKernelStart     cmsis_os.o
    0x08003254   0x0000002e   Code   RO         5034    i.osThreadCreate    cmsis_os.o
    0x08003282   0x00000002   PAD
    0x08003284   0x00000070   Code   RO         4562    i.prvAddCurrentTaskToDelayedList  tasks.o
    0x080032f4   0x000000d0   Code   RO         4563    i.prvAddNewTaskToReadyList  tasks.o
    0x080033c4   0x00000050   Code   RO         4564    i.prvCheckTasksWaitingTermination  tasks.o
    0x08003414   0x00000014   Code   RO         4565    i.prvDeleteTCB      tasks.o
    0x08003428   0x00000048   Code   RO         4853    i.prvHeapInit       heap_4.o
    0x08003470   0x00000028   Code   RO         4566    i.prvIdleTask       tasks.o
    0x08003498   0x0000008e   Code   RO         4567    i.prvInitialiseNewTask  tasks.o
    0x08003526   0x00000002   PAD
    0x08003528   0x0000004c   Code   RO         4854    i.prvInsertBlockIntoFreeList  heap_4.o
    0x08003574   0x00000020   Code   RO         4568    i.prvResetNextTaskUnblockTime  tasks.o
    0x08003594   0x00000028   Code   RO         4915    i.prvTaskExitError  port.o
    0x080035bc   0x000000d8   Code   RO         4855    i.pvPortMalloc      heap_4.o
    0x08003694   0x0000002c   Code   RO         4916    i.pxPortInitialiseStack  port.o
    0x080036c0   0x0000000a   Code   RO         3976    i.tpstate           touch.o
    0x080036ca   0x00000024   Code   RO         4385    i.uxListRemove      list.o
    0x080036ee   0x00000016   Code   RO         4386    i.vListInitialise   list.o
    0x08003704   0x00000006   Code   RO         4387    i.vListInitialiseItem  list.o
    0x0800370a   0x00000030   Code   RO         4388    i.vListInsert       list.o
    0x0800373a   0x00000018   Code   RO         4389    i.vListInsertEnd    list.o
    0x08003752   0x00000002   PAD
    0x08003754   0x00000040   Code   RO         4918    i.vPortEnterCritical  port.o
    0x08003794   0x00000028   Code   RO         4919    i.vPortExitCritical  port.o
    0x080037bc   0x0000005c   Code   RO         4856    i.vPortFree         heap_4.o
    0x08003818   0x00000020   Code   RO         4920    i.vPortSetupTimerInterrupt  port.o
    0x08003838   0x0000004c   Code   RO         4576    i.vTaskDelay        tasks.o
    0x08003884   0x00000068   Code   RO         4588    i.vTaskStartScheduler  tasks.o
    0x080038ec   0x00000010   Code   RO         4590    i.vTaskSuspendAll   tasks.o
    0x080038fc   0x0000005c   Code   RO         4591    i.vTaskSwitchContext  tasks.o
    0x08003958   0x000000e0   Code   RO         4922    i.xPortStartScheduler  port.o
    0x08003a38   0x0000005c   Code   RO         4593    i.xTaskCreate       tasks.o
    0x08003a94   0x000000c8   Code   RO         4600    i.xTaskIncrementTick  tasks.o
    0x08003b5c   0x000000c4   Code   RO         4606    i.xTaskResumeAll    tasks.o
    0x08003c20   0x00025814   Data   RO           25    .constdata          main.o
    0x08029434   0x00000040   Data   RO         3926    .constdata          system_stm32l4xx.o
    0x08029474   0x00000008   Data   RO         3927    .constdata          system_stm32l4xx.o
    0x0802947c   0x00003738   Data   RO         4113    .constdata          lcd.o
    0x0802cbb4   0x0000000c   Data   RO           26    .conststring        main.o
    0x0802cbc0   0x00000020   Data   RO         5397    Region$$Table       anon$$obj.o


    Execution Region RW_IRAM1 (Base: 0x20000000, Size: 0x00001330, Max: 0x00020000, ABSOLUTE)

    Base Addr    Size         Type   Attr      Idx    E Section Name        Object

    0x20000000   0x00000004   Data   RW           27    .data               main.o
    0x20000004   0x00000004   Data   RW         1363    .data               stm32l4xx_hal.o
    0x20000008   0x00000004   Data   RW         3928    .data               system_stm32l4xx.o
    0x2000000c   0x00000024   Data   RW         3977    .data               touch.o
    0x20000030   0x0000000c   Data   RW         4114    .data               lcd.o
    0x2000003c   0x0000003c   Data   RW         4609    .data               tasks.o
    0x20000078   0x00000018   Data   RW         4861    .data               heap_4.o
    0x20000090   0x0000000c   Data   RW         4924    .data               port.o
    0x2000009c   0x0000015c   Zero   RW           22    .bss                main.o
    0x200001f8   0x00000048   Zero   RW           23    .bss                main.o
    0x20000240   0x00000048   Zero   RW           24    .bss                main.o
    0x20000288   0x000000f0   Zero   RW         4608    .bss                tasks.o
    0x20000378   0x00000bb8   Zero   RW         4860    .bss                heap_4.o
    0x20000f30   0x00000400   Zero   RW            1    STACK               startup_stm32l432xx.o


==============================================================================

Image component sizes


      Code (inc. data)   RO Data    RW Data    ZI Data      Debug   Object Name

        82          0          0          0          0      12621   cmsis_os.o
         0          0          0          0          0       8020   event_groups.o
       456         22          0         24       3000       7263   heap_4.o
      1588         54      14136         12          0      12094   lcd.o
       136          0          0          0          0       3482   list.o
       860         58     153632          4        492     673419   main.o
       662         68          0         12          0      10242   port.o
        36          8        396          0       1024        824   startup_stm32l432xx.o
       118         18          0          4          0       4035   stm32l4xx_hal.o
       228         14          0          0          0      32053   stm32l4xx_hal_cortex.o
       456         14          0          0          0       2759   stm32l4xx_hal_dma.o
       422         20          0          0          0       3103   stm32l4xx_hal_gpio.o
       556         76          0          0          0       3676   stm32l4xx_hal_msp.o
       116         20          0          0          0       1342   stm32l4xx_hal_pwr_ex.o
      1876         94          0          0          0       7064   stm32l4xx_hal_rcc.o
       408          4          0          0          0       3472   stm32l4xx_hal_spi.o
      2054        142          0          0          0      17670   stm32l4xx_hal_tim.o
       226         12          0          0          0       3829   stm32l4xx_hal_tim_ex.o
      1442         62          0          0          0       8710   stm32l4xx_hal_uart.o
         2          0          0          0          0        984   stm32l4xx_hal_uart_ex.o
        86         30          0          0          0       5429   stm32l4xx_it.o
        68         12         72          4          0       1189   system_stm32l4xx.o
      1410        116          0         60        240      15246   tasks.o
      1382         32          0         36          0      10145   touch.o

    ----------------------------------------------------------------------
     14704        876     168268        156       4756     848671   Object Totals
         0          0         32          0          0          0   (incl. Generated)
        34          0          0          0          0          0   (incl. Padding)

    ----------------------------------------------------------------------

      Code (inc. data)   RO Data    RW Data    ZI Data      Debug   Library Member Name

         0          0          0          0          0          0   entry.o
         0          0          0          0          0          0   entry10a.o
         0          0          0          0          0          0   entry11a.o
         8          4          0          0          0          0   entry2.o
         4          0          0          0          0          0   entry5.o
         0          0          0          0          0          0   entry7b.o
         0          0          0          0          0          0   entry8b.o
         8          4          0          0          0          0   entry9a.o
        30          0          0          0          0          0   handlers.o
        36          8          0          0          0         68   init.o
        30          0          0          0          0         68   llshl.o
        32          0          0          0          0         68   llushr.o
        36          0          0          0          0         68   memcpya.o
       104          0          0          0          0         92   uldiv.o

    ----------------------------------------------------------------------
       292         16          0          0          0        364   Library Totals
         4          0          0          0          0          0   (incl. Padding)

    ----------------------------------------------------------------------

      Code (inc. data)   RO Data    RW Data    ZI Data      Debug   Library Name

       288         16          0          0          0        364   mc_w.l

    ----------------------------------------------------------------------
       292         16          0          0          0        364   Library Totals

    ----------------------------------------------------------------------

==============================================================================


      Code (inc. data)   RO Data    RW Data    ZI Data      Debug   

     14996        892     168268        156       4756     834135   Grand Totals
     14996        892     168268        156       4756     834135   ELF Image Totals
     14996        892     168268        156          0          0   ROM Totals

==============================================================================

    Total RO  Size (Code + RO Data)               183264 ( 178.97kB)
    Total RW  Size (RW Data + ZI Data)              4912 (   4.80kB)
    Total ROM Size (Code + RO Data + RW Data)     183420 ( 179.12kB)

==============================================================================

